
2025-07-30 13:21:24,156 — __main__ — ERROR — test_has_video_stream_false:95 — Exception
Traceback (most recent call last):
  File "D:\MusicProcessing\src\audio_normalize\audio_normalization.py", line 636, in subprocess_run
    process = subprocess.run(
              ^^^^^^^^^^^^^^^
  File "c:\Users\gmanw\AppData\Local\Programs\Python\Python312\Lib\subprocess.py", line 571, in run
    raise CalledProcessError(retcode, process.args,
subprocess.CalledProcessError: Command '['ffprobe', '-hide_banner', '-select_streams', 'v:0', '-show_streams', '-of', 'json', 'D:\\MusicProcessing\\tests\\Music\\Billie Holiday\\Billie Holiday-Georgia On My Mind.wma']' returned non-zero exit status 1.

During handling of the above exception, another exception occurred:

Traceback (most recent call last):
  File "D:\MusicProcessing\tests\test_audio_art.py", line 93, in test_has_video_stream_false
    self.assertFalse(art.has_video_stream(input_audio))
                     ^^^^^^^^^^^^^^^^^^^^^^^^^^^^^^^^^
  File "D:\MusicProcessing\src\audio_info\audio_art.py", line 398, in has_video_stream
    probe_process = normalization.subprocess_run(command)
                    ^^^^^^^^^^^^^^^^^^^^^^^^^^^^^^^^^^^^^
  File "D:\MusicProcessing\src\audio_normalize\audio_normalization.py", line 647, in subprocess_run
    raise Exception(f"CalledProcessError returncode:{e.returncode}, with stderr: {e.stderr} on command {e.cmd}")
Exception: CalledProcessError returncode:1, with stderr: D:\MusicProcessing\tests\Music\Billie Holiday\Billie Holiday-Georgia On My Mind.wma: No such file or directory
 on command ['ffprobe', '-hide_banner', '-select_streams', 'v:0', '-show_streams', '-of', 'json', 'D:\\MusicProcessing\\tests\\Music\\Billie Holiday\\Billie Holiday-Georgia On My Mind.wma']
Stack (most recent call last):
  File "c:\Users\gmanw\AppData\Local\Programs\Python\Python312\Lib\runpy.py", line 198, in _run_module_as_main
    return _run_code(code, main_globals, None,
  File "c:\Users\gmanw\AppData\Local\Programs\Python\Python312\Lib\runpy.py", line 88, in _run_code
    exec(code, run_globals)
  File "c:\Users\gmanw\.vscode\extensions\ms-python.debugpy-2025.10.0-win32-x64\bundled\libs\debugpy\launcher/../..\debugpy\__main__.py", line 71, in <module>
    cli.main()
  File "c:\Users\gmanw\.vscode\extensions\ms-python.debugpy-2025.10.0-win32-x64\bundled\libs\debugpy\launcher/../..\debugpy/..\debugpy\server\cli.py", line 501, in main
    run()
  File "c:\Users\gmanw\.vscode\extensions\ms-python.debugpy-2025.10.0-win32-x64\bundled\libs\debugpy\launcher/../..\debugpy/..\debugpy\server\cli.py", line 351, in run_file
    runpy.run_path(target, run_name="__main__")
  File "c:\Users\gmanw\.vscode\extensions\ms-python.debugpy-2025.10.0-win32-x64\bundled\libs\debugpy\_vendored\pydevd\_pydevd_bundle\pydevd_runpy.py", line 310, in run_path
    return _run_module_code(code, init_globals, run_name, pkg_name=pkg_name, script_name=fname)
  File "c:\Users\gmanw\.vscode\extensions\ms-python.debugpy-2025.10.0-win32-x64\bundled\libs\debugpy\_vendored\pydevd\_pydevd_bundle\pydevd_runpy.py", line 127, in _run_module_code
    _run_code(code, mod_globals, init_globals, mod_name, mod_spec, pkg_name, script_name)
  File "c:\Users\gmanw\.vscode\extensions\ms-python.debugpy-2025.10.0-win32-x64\bundled\libs\debugpy\_vendored\pydevd\_pydevd_bundle\pydevd_runpy.py", line 118, in _run_code
    exec(code, run_globals)
  File "D:\MusicProcessing\tests\test_audio_art.py", line 113, in <module>
    runner.run(suite)
  File "c:\Users\gmanw\AppData\Local\Programs\Python\Python312\Lib\unittest\runner.py", line 240, in run
    test(result)
  File "c:\Users\gmanw\AppData\Local\Programs\Python\Python312\Lib\unittest\suite.py", line 84, in __call__
    return self.run(*args, **kwds)
  File "c:\Users\gmanw\AppData\Local\Programs\Python\Python312\Lib\unittest\suite.py", line 122, in run
    test(result)
  File "c:\Users\gmanw\AppData\Local\Programs\Python\Python312\Lib\unittest\case.py", line 690, in __call__
    return self.run(*args, **kwds)
  File "c:\Users\gmanw\AppData\Local\Programs\Python\Python312\Lib\unittest\case.py", line 634, in run
    self._callTestMethod(testMethod)
  File "c:\Users\gmanw\AppData\Local\Programs\Python\Python312\Lib\unittest\case.py", line 589, in _callTestMethod
    if method() is not None:
  File "D:\MusicProcessing\tests\test_audio_art.py", line 95, in test_has_video_stream_false
    logger.exception("Exception", stack_info=True)

2025-08-06 15:16:38,315 — src.dir_processing.directory_processing — WARNING — path_info:463 — File D:\MusicProcessing\tests\Music\expected.m3u is not in ['mp3', 'm4a', 'wma']

2025-08-06 15:17:55,918 — src.dir_processing.directory_processing — WARNING — path_info:463 — File D:\MusicProcessing\tests\Music\expected.m3u is not in ['mp3', 'm4a', 'wma']

2025-08-06 15:25:33,770 — src.dir_processing.directory_processing — WARNING — path_info:463 — File D:\MusicProcessing\tests\Music\expected.m3u is not in ['mp3', 'm4a', 'wma']
