2025-07-17 16:09:20,226 — src.audio_info.audio_playlist — INFO — update_paths:177 — Updated Bob Seger.m3u

2025-07-17 16:09:29,699 — src.audio_info.audio_playlist — INFO — update_paths:177 — Updated Canuck Rock.m3u

2025-07-17 16:09:31,884 — src.audio_info.audio_playlist — INFO — update_paths:177 — Updated Fleetwood Mac.m3u

2025-07-17 16:09:34,121 — src.audio_info.audio_playlist — INFO — update_paths:177 — Updated Folk.m3u

2025-07-17 16:09:35,138 — src.audio_info.audio_playlist — INFO — update_paths:177 — Updated Hard Rock.m3u

2025-07-17 16:09:36,168 — src.audio_info.audio_playlist — INFO — update_paths:177 — Updated Mike Oldfield Instrumental.m3u

2025-07-17 16:09:38,434 — src.audio_info.audio_playlist — INFO — update_paths:177 — Updated Prog Rock.m3u

2025-07-17 16:09:40,200 — src.audio_info.audio_playlist — INFO — update_paths:177 — Updated Relax.m3u

2025-07-17 16:09:44,701 — src.audio_info.audio_playlist — INFO — update_paths:177 — Updated Romance.m3u

2025-07-17 16:09:45,750 — src.audio_info.audio_playlist — INFO — update_paths:177 — Updated Sawyer.m3u

2025-07-17 16:09:47,077 — src.audio_info.audio_playlist — INFO — update_paths:177 — Updated Symphonic Rock and Pop.m3u

2025-07-17 16:09:47,703 — src.audio_info.audio_playlist — INFO — update_paths:177 — Updated The Planets.m3u

2025-07-17 16:09:50,673 — src.audio_info.audio_playlist — INFO — update_paths:177 — Updated Tragically Hip.m3u

2025-07-17 16:09:52,783 — src.audio_info.audio_playlist — INFO — update_paths:177 — Updated Val triste.m3u

2025-07-17 16:09:53,158 — src.audio_info.audio_playlist — INFO — update_paths:177 — Updated Workout1.m3u

2025-07-17 16:09:53,644 — src.audio_info.audio_playlist — INFO — update_paths:177 — Updated Workout_15_2.m3u

2025-07-17 16:09:53,879 — src.audio_info.audio_playlist — INFO — update_paths:177 — Updated Workout_15_3.m3u

2025-07-17 16:09:54,049 — src.audio_info.audio_playlist — INFO — update_walk:203 — Updated m3u files in F:\FinalizedMusic

2025-07-17 16:13:20,223 — src.audio_info.audio_playlist — INFO — update_paths:174 — Donna Fargo-Rudolph the Red Nosed Reindeer.mp3 from Xmas.m3u not found in F:\FinalizedMusic
2025-07-17 16:13:20,441 — src.audio_info.audio_playlist — INFO — update_paths:174 — Donna Fargo-Santa Claus is Comin' To Town.mp3 from Xmas.m3u not found in F:\FinalizedMusic
2025-07-17 16:13:20,944 — src.audio_info.audio_playlist — INFO — update_paths:177 — Updated Xmas.m3u

2025-07-17 16:20:20,927 — src.audio_info.audio_playlist — INFO — update_paths:174 — Skeeter Davis-Santa Claus is Coming To Town.mp3 from Xmas.m3u not found in F:\FinalizedMusic
2025-07-17 16:20:21,379 — src.audio_info.audio_playlist — INFO — update_paths:177 — Updated Xmas.m3u

2025-07-17 16:21:14,657 — src.audio_info.audio_playlist — INFO — update_paths:174 — Skeeter Davis-Santa Claus is Coming To Town.mp3 from Xmas.m3u not found in F:\FinalizedMusic
2025-07-17 16:21:15,143 — src.audio_info.audio_playlist — INFO — update_paths:177 — Updated Xmas.m3u

2025-07-17 16:22:06,074 — src.audio_info.audio_playlist — INFO — update_paths:177 — Updated Xmas.m3u

2025-07-18 16:04:34,575 — src.audio_info.audio_playlist — INFO — update_paths:174 — .38 Special-Teacher, Teacher.mp3 from Favourites.m3u not found in G:\Music
2025-07-18 16:04:34,763 — src.audio_info.audio_playlist — INFO — update_paths:174 — .38 Special-Back Where You Belong.mp3 from Favourites.m3u not found in G:\Music
2025-07-18 16:04:34,935 — src.audio_info.audio_playlist — INFO — update_paths:174 — .38 Special-Hold On Loosely.mp3 from Favourites.m3u not found in G:\Music
2025-07-18 16:04:35,778 — src.audio_info.audio_playlist — INFO — update_paths:174 — Blue Öyster Cult-(Don't Fear) The Reaper.mp3 from Favourites.m3u not found in G:\Music
2025-07-18 16:04:40,344 — src.audio_info.audio_playlist — INFO — update_paths:174 — Joshua Davis-The Workingman’s Hymn.mp3 from Favourites.m3u not found in G:\Music
2025-07-18 16:04:49,467 — src.audio_info.audio_playlist — INFO — update_paths:177 — Updated Favourites.m3u

2025-07-18 16:10:56,302 — src.audio_info.audio_playlist — INFO — update_paths:174 — 38 Special-Teacher, Teacher.mp3 from Favourites.m3u not found in G:\Music
2025-07-18 16:11:10,785 — src.audio_info.audio_playlist — INFO — update_paths:177 — Updated Favourites.m3u

2025-07-18 16:13:10,230 — src.audio_info.audio_playlist — INFO — update_paths:177 — Updated Favourites.m3u

2025-07-18 16:43:34,919 — src.audio_info.audio_playlist — INFO — update_paths:177 — Updated Favourites.m3u

2025-07-18 21:05:11,023 — src.audio_info.audio_playlist — INFO — update_paths:177 — Updated Bob Seger.m3u

2025-07-18 21:05:21,840 — src.audio_info.audio_playlist — INFO — update_paths:177 — Updated Canuck Rock.m3u

2025-07-18 21:05:29,484 — src.audio_info.audio_playlist — INFO — update_paths:177 — Updated Counry.m3u

2025-07-18 21:05:34,880 — src.audio_info.audio_playlist — INFO — update_paths:174 — Joshua Davis-The Workingman’s Hymn.mp3 from Favourites.m3u not found in F:\FinalizedMusic
2025-07-18 21:05:43,664 — src.audio_info.audio_playlist — INFO — update_paths:177 — Updated Favourites.m3u

2025-07-18 21:05:45,839 — src.audio_info.audio_playlist — INFO — update_paths:177 — Updated Fleetwood Mac.m3u

2025-07-18 21:05:48,060 — src.audio_info.audio_playlist — INFO — update_paths:177 — Updated Folk.m3u

2025-07-18 21:05:49,015 — src.audio_info.audio_playlist — INFO — update_paths:177 — Updated Hard Rock.m3u

2025-07-18 21:05:50,077 — src.audio_info.audio_playlist — INFO — update_paths:177 — Updated Mike Oldfield Instrumental.m3u

2025-07-18 21:05:52,315 — src.audio_info.audio_playlist — INFO — update_paths:177 — Updated Prog Rock.m3u

2025-07-18 21:05:54,101 — src.audio_info.audio_playlist — INFO — update_paths:177 — Updated Relax.m3u

2025-07-18 21:05:58,518 — src.audio_info.audio_playlist — INFO — update_paths:177 — Updated Romance.m3u

2025-07-18 21:05:59,565 — src.audio_info.audio_playlist — INFO — update_paths:177 — Updated Sawyer.m3u

2025-07-18 21:06:00,896 — src.audio_info.audio_playlist — INFO — update_paths:177 — Updated Symphonic Rock and Pop.m3u

2025-07-18 21:06:01,443 — src.audio_info.audio_playlist — INFO — update_paths:177 — Updated The Planets.m3u

2025-07-18 21:06:04,446 — src.audio_info.audio_playlist — INFO — update_paths:177 — Updated Tragically Hip.m3u

2025-07-18 21:06:06,560 — src.audio_info.audio_playlist — INFO — update_paths:177 — Updated Val triste.m3u

2025-07-18 21:06:06,920 — src.audio_info.audio_playlist — INFO — update_paths:177 — Updated Workout1.m3u

2025-07-18 21:06:07,405 — src.audio_info.audio_playlist — INFO — update_paths:177 — Updated Workout_15_2.m3u

2025-07-18 21:06:07,686 — src.audio_info.audio_playlist — INFO — update_paths:177 — Updated Workout_15_3.m3u

2025-07-18 21:06:09,122 — src.audio_info.audio_playlist — INFO — update_paths:177 — Updated Xmas.m3u

2025-07-18 21:06:09,295 — src.audio_info.audio_playlist — INFO — update_walk:203 — Updated m3u files in F:\FinalizedMusic\

2025-07-18 21:07:43,859 — src.audio_info.audio_playlist — INFO — update_paths:174 — Joshua Davis-The Workingman’s Hymn.mp3 from Favourites.m3u not found in F:\FinalizedMusic\
2025-07-18 21:07:52,823 — src.audio_info.audio_playlist — INFO — update_paths:177 — Updated Favourites.m3u

2025-07-18 21:10:05,887 — src.audio_info.audio_playlist — INFO — update_paths:177 — Updated Favourites.m3u

2025-07-19 15:47:34,620 — src.audio_info.audio_playlist — INFO — update_paths:178 — Updated Bob Seger.m3u

2025-07-19 15:47:35,353 — src.audio_info.audio_playlist — INFO — update_paths:175 — Bear McCreary-All Along The Watchtower (From 'Crossroads, Part 2').mp3 from BSG.m3u not found in G:\Music
2025-07-19 15:47:35,353 — src.audio_info.audio_playlist — INFO — update_paths:178 — Updated BSG.m3u

2025-07-19 15:47:44,937 — src.audio_info.audio_playlist — INFO — update_paths:178 — Updated Canuck Rock.m3u

2025-07-19 15:47:48,678 — src.audio_info.audio_playlist — INFO — update_paths:178 — Updated Country Romance.m3u

2025-07-19 15:47:56,638 — src.audio_info.audio_playlist — INFO — update_paths:178 — Updated Country.m3u

2025-07-19 15:47:57,460 — src.audio_info.audio_playlist — INFO — update_paths:175 — Marion Raven-It's All Coming Back to Me Now.mp3 from Duets.m3u not found in G:\Music
2025-07-19 15:47:57,980 — src.audio_info.audio_playlist — INFO — update_paths:175 — Elton John & Billy Joel - Piano Man.mp3 from Duets.m3u not found in G:\Music
2025-07-19 15:47:58,165 — src.audio_info.audio_playlist — INFO — update_paths:175 — Stevie Nicks & Lindsey Buckingham-Stephanie.mp3 from Duets.m3u not found in G:\Music
2025-07-19 15:47:58,935 — src.audio_info.audio_playlist — INFO — update_paths:175 — Stevie Nicks & Lindsay Buckingham - Crying in the Night.mp3 from Duets.m3u not found in G:\Music
2025-07-19 15:47:58,935 — src.audio_info.audio_playlist — INFO — update_paths:178 — Updated Duets.m3u

2025-07-19 15:47:59,556 — src.audio_info.audio_playlist — INFO — update_paths:175 — Enya-Far And Away.mp3 from Enya.m3u not found in G:\Music
2025-07-19 15:48:00,588 — src.audio_info.audio_playlist — INFO — update_paths:178 — Updated Enya.m3u

2025-07-19 15:48:14,885 — src.audio_info.audio_playlist — INFO — update_paths:178 — Updated Favourites.m3u

2025-07-19 15:48:17,102 — src.audio_info.audio_playlist — INFO — update_paths:178 — Updated Fleetwood Mac.m3u

2025-07-19 15:48:19,344 — src.audio_info.audio_playlist — INFO — update_paths:178 — Updated Folk.m3u

2025-07-19 15:48:23,186 — src.audio_info.audio_playlist — INFO — update_paths:175 — Gordon Lightfoot-Wherefor and Why.mp3 from Gordon Lightfoot.m3u not found in G:\Music
2025-07-19 15:48:23,425 — src.audio_info.audio_playlist — INFO — update_paths:178 — Updated Gordon Lightfoot.m3u

2025-07-19 15:48:24,550 — src.audio_info.audio_playlist — INFO — update_paths:178 — Updated Hard Rock.m3u

2025-07-19 15:48:25,627 — src.audio_info.audio_playlist — INFO — update_paths:178 — Updated Mike Oldfield Instrumental.m3u

2025-07-19 15:48:26,526 — src.audio_info.audio_playlist — INFO — update_paths:175 — Howard Shore & Neil Finn-Neil Finn - Song of the Lonely Mountain.mp3 from New Age.m3u not found in G:\Music
2025-07-19 15:48:26,815 — src.audio_info.audio_playlist — INFO — update_paths:178 — Updated New Age.m3u

2025-07-19 15:48:29,125 — src.audio_info.audio_playlist — INFO — update_paths:178 — Updated Prog Rock.m3u

2025-07-19 15:48:30,893 — src.audio_info.audio_playlist — INFO — update_paths:178 — Updated Relax.m3u

2025-07-19 15:48:35,511 — src.audio_info.audio_playlist — INFO — update_paths:178 — Updated Romance.m3u

2025-07-19 15:48:36,615 — src.audio_info.audio_playlist — INFO — update_paths:178 — Updated Sawyer.m3u

2025-07-19 15:48:37,925 — src.audio_info.audio_playlist — INFO — update_paths:178 — Updated Symphonic Rock and Pop.m3u

2025-07-19 15:48:38,502 — src.audio_info.audio_playlist — INFO — update_paths:178 — Updated The Planets.m3u

2025-07-19 15:48:39,164 — src.audio_info.audio_playlist — INFO — update_paths:175 — Howard Shore & Neil Finn-Neil Finn - Song of the Lonely Mountain.mp3 from Tolkein.m3u not found in G:\Music
2025-07-19 15:48:39,350 — src.audio_info.audio_playlist — INFO — update_paths:175 — Howard Shore, Richard Armitage & The Dwarf Cast-Richard Armitage - Misty Mountains.mp3 from Tolkein.m3u not found in G:\Music
2025-07-19 15:48:39,644 — src.audio_info.audio_playlist — INFO — update_paths:178 — Updated Tolkein.m3u

2025-07-19 15:48:42,692 — src.audio_info.audio_playlist — INFO — update_paths:178 — Updated Tragically Hip.m3u

2025-07-19 15:48:44,859 — src.audio_info.audio_playlist — INFO — update_paths:178 — Updated Val triste.m3u

2025-07-19 15:48:45,232 — src.audio_info.audio_playlist — INFO — update_paths:178 — Updated Workout1.m3u

2025-07-19 15:48:45,718 — src.audio_info.audio_playlist — INFO — update_paths:178 — Updated Workout_15_2.m3u

2025-07-19 15:48:45,924 — src.audio_info.audio_playlist — INFO — update_paths:178 — Updated Workout_15_3.m3u

2025-07-19 15:48:47,386 — src.audio_info.audio_playlist — INFO — update_paths:178 — Updated Xmas.m3u

2025-07-19 15:48:47,556 — src.audio_info.audio_playlist — INFO — update_walk:204 — Updated m3u files in G:\Music

