
2025-09-26 11:18:08,203 — src.audio_normalize.audio_normalization — WARNING — rms_normalize_file:640 — rms normalizing by -2.0 minus -21.00 equaling 19.00 will result in clipping amount: 15.0 dB in D:\MusicProcessing\src\generated_files\Music\Abba\Waterloo\ABBA-Waterloo.mp3

2025-09-26 11:45:24,472 — src.audio_normalize.audio_normalization — ERROR — get_volume_info:430 — Exception CalledProcessError getting volume for file 3 Doors Down-It's Not My Time.mp3
Traceback (most recent call last):
  File "D:\MusicProcessing\src\audio_normalize\audio_normalization.py", line 412, in get_volume_info
    process = subprocess_utils.subprocess_run(command)
              ^^^^^^^^^^^^^^^^^^^^^^^^^^^^^^^^^^^^^^^^
  File "D:\MusicProcessing\src\subprocess_utils.py", line 234, in subprocess_run
    raise cp_error
  File "D:\MusicProcessing\src\subprocess_utils.py", line 224, in subprocess_run
    process = subprocess.run(
              ^^^^^^^^^^^^^^^
  File "c:\Users\gmanw\AppData\Local\Programs\Python\Python312\Lib\subprocess.py", line 571, in run
    raise CalledProcessError(retcode, process.args,
subprocess.CalledProcessError: Command '['ffmpeg', '-hide_banner', '-i', "3 Doors Down-It's Not My Time.mp3", '-filter:a', 'volumedetect', '-f', 'null', '-']' returned non-zero exit status 4294967294.
Stack (most recent call last):
  File "c:\Users\gmanw\AppData\Local\Programs\Python\Python312\Lib\runpy.py", line 198, in _run_module_as_main
    return _run_code(code, main_globals, None,
  File "c:\Users\gmanw\AppData\Local\Programs\Python\Python312\Lib\runpy.py", line 88, in _run_code
    exec(code, run_globals)
  File "c:\Users\gmanw\.vscode\extensions\ms-python.debugpy-2025.10.0-win32-x64\bundled\libs\debugpy\launcher/../..\debugpy\__main__.py", line 71, in <module>
    cli.main()
  File "c:\Users\gmanw\.vscode\extensions\ms-python.debugpy-2025.10.0-win32-x64\bundled\libs\debugpy\launcher/../..\debugpy/..\debugpy\server\cli.py", line 501, in main
    run()
  File "c:\Users\gmanw\.vscode\extensions\ms-python.debugpy-2025.10.0-win32-x64\bundled\libs\debugpy\launcher/../..\debugpy/..\debugpy\server\cli.py", line 351, in run_file
    runpy.run_path(target, run_name="__main__")
  File "c:\Users\gmanw\.vscode\extensions\ms-python.debugpy-2025.10.0-win32-x64\bundled\libs\debugpy\_vendored\pydevd\_pydevd_bundle\pydevd_runpy.py", line 310, in run_path
    return _run_module_code(code, init_globals, run_name, pkg_name=pkg_name, script_name=fname)
  File "c:\Users\gmanw\.vscode\extensions\ms-python.debugpy-2025.10.0-win32-x64\bundled\libs\debugpy\_vendored\pydevd\_pydevd_bundle\pydevd_runpy.py", line 127, in _run_module_code
    _run_code(code, mod_globals, init_globals, mod_name, mod_spec, pkg_name, script_name)
  File "c:\Users\gmanw\.vscode\extensions\ms-python.debugpy-2025.10.0-win32-x64\bundled\libs\debugpy\_vendored\pydevd\_pydevd_bundle\pydevd_runpy.py", line 118, in _run_code
    exec(code, run_globals)
  File "D:\MusicProcessing\tests\test_audio_normalization.py", line 345, in <module>
    runner.run(suite)
  File "c:\Users\gmanw\AppData\Local\Programs\Python\Python312\Lib\unittest\runner.py", line 240, in run
    test(result)
  File "c:\Users\gmanw\AppData\Local\Programs\Python\Python312\Lib\unittest\suite.py", line 84, in __call__
    return self.run(*args, **kwds)
  File "c:\Users\gmanw\AppData\Local\Programs\Python\Python312\Lib\unittest\suite.py", line 122, in run
    test(result)
  File "c:\Users\gmanw\AppData\Local\Programs\Python\Python312\Lib\unittest\case.py", line 690, in __call__
    return self.run(*args, **kwds)
  File "c:\Users\gmanw\AppData\Local\Programs\Python\Python312\Lib\unittest\case.py", line 634, in run
    self._callTestMethod(testMethod)
  File "c:\Users\gmanw\AppData\Local\Programs\Python\Python312\Lib\unittest\case.py", line 589, in _callTestMethod
    if method() is not None:
  File "D:\MusicProcessing\tests\test_audio_normalization.py", line 285, in test_rms_clip_check_walk
    normalization.rms_clip_check_walk(converted_tld)
  File "D:\MusicProcessing\src\audio_normalize\audio_normalization.py", line 599, in rms_clip_check_walk
    volume_info = self.get_volume_info(file)
  File "D:\MusicProcessing\src\audio_normalize\audio_normalization.py", line 430, in get_volume_info
    logger.exception(f"Exception {type(e_error).__name__} getting volume for file {file_path}", stack_info=True)

2025-09-27 15:52:19,610 — src.audio_normalize.audio_normalization — ERROR — ebu_normalize_file:288 — Exception CalledProcessError while ebu normalizing audio file: d:\MusicProcessing\tests\Music\Crush\Here\Crush-Live.mp3
Traceback (most recent call last):
  File "d:\MusicProcessing\src\audio_normalize\audio_normalization.py", line 265, in ebu_normalize_file
    normalize_process = subprocess_utils.subprocess_run(normalize_command)
                        ^^^^^^^^^^^^^^^^^^^^^^^^^^^^^^^^^^^^^^^^^^^^^^^^^^
  File "d:\MusicProcessing\src\subprocess_utils.py", line 234, in subprocess_run
    raise cp_error
  File "d:\MusicProcessing\src\subprocess_utils.py", line 224, in subprocess_run
    process = subprocess.run(
              ^^^^^^^^^^^^^^^
  File "C:\Users\gmanw\AppData\Local\Programs\Python\Python312\Lib\subprocess.py", line 571, in run
    raise CalledProcessError(retcode, process.args,
subprocess.CalledProcessError: Command '['ffmpeg', '-hide_banner', '-i', 'd:\\MusicProcessing\\tests\\Music\\Crush\\Here\\Crush-Live.mp3', '-id3v2_version', '3', '-af', 'loudnorm=I=-16.0:TP=-2.0:LRA=11.0:measured_I=-16.77:measured_TP=-6.66:measured_LRA=8.10:measured_thresh=-26.99:offset=-0.64:linear=true:print_format=json', '-ar', '44100', 'd:\\MusicProcessing\\src\\generated_files\\Music\\Crush\\Here\\Crush-Live.mp3', '-y']' returned non-zero exit status 4294967294.
Stack (most recent call last):
  File "<string>", line 206, in <module>
  File "<string>", line 187, in run_tests
  File "C:\Users\gmanw\AppData\Local\Programs\Python\Python312\Lib\unittest\runner.py", line 240, in run
    test(result)
  File "C:\Users\gmanw\AppData\Local\Programs\Python\Python312\Lib\unittest\suite.py", line 84, in __call__
    return self.run(*args, **kwds)
  File "C:\Users\gmanw\AppData\Local\Programs\Python\Python312\Lib\unittest\suite.py", line 122, in run
    test(result)
  File "C:\Users\gmanw\AppData\Local\Programs\Python\Python312\Lib\unittest\case.py", line 690, in __call__
    return self.run(*args, **kwds)
  File "C:\Users\gmanw\AppData\Local\Programs\Python\Python312\Lib\unittest\case.py", line 634, in run
    self._callTestMethod(testMethod)
  File "C:\Users\gmanw\AppData\Local\Programs\Python\Python312\Lib\unittest\case.py", line 589, in _callTestMethod
    if method() is not None:
  File "d:\MusicProcessing\tests\test_audio_normalization.py", line 95, in test_ebu_normalize_linear
    normalization.ebu_normalize_file(EBU_LINEAR_SRC, show_spinner=False)
  File "d:\MusicProcessing\src\audio_normalize\audio_normalization.py", line 288, in ebu_normalize_file
    logger.exception(f"Exception {type(e_error).__name__} while ebu normalizing audio file: {file_path}", stack_info=True)

2025-09-27 15:54:19,680 — src.audio_normalize.audio_normalization — ERROR — ebu_normalize_file:288 — Exception CalledProcessError while ebu normalizing audio file: d:\MusicProcessing\tests\Music\Crush\Here\Crush-Live.mp3
Traceback (most recent call last):
  File "d:\MusicProcessing\src\audio_normalize\audio_normalization.py", line 265, in ebu_normalize_file
    normalize_process = subprocess_utils.subprocess_run(normalize_command)
                        ^^^^^^^^^^^^^^^^^^^^^^^^^^^^^^^^^^^^^^^^^^^^^^^^^^
  File "d:\MusicProcessing\src\subprocess_utils.py", line 234, in subprocess_run
    raise cp_error
  File "d:\MusicProcessing\src\subprocess_utils.py", line 224, in subprocess_run
    process = subprocess.run(
              ^^^^^^^^^^^^^^^
  File "C:\Users\gmanw\AppData\Local\Programs\Python\Python312\Lib\subprocess.py", line 571, in run
    raise CalledProcessError(retcode, process.args,
subprocess.CalledProcessError: Command '['ffmpeg', '-hide_banner', '-i', 'd:\\MusicProcessing\\tests\\Music\\Crush\\Here\\Crush-Live.mp3', '-id3v2_version', '3', '-af', 'loudnorm=I=-16.0:TP=-2.0:LRA=11.0:measured_I=-16.77:measured_TP=-6.66:measured_LRA=8.10:measured_thresh=-26.99:offset=-0.64:linear=true:print_format=json', '-ar', '44100', 'd:\\MusicProcessing\\src\\generated_files\\Music\\Crush\\Here\\Crush-Live.mp3', '-y']' returned non-zero exit status 4294967294.
Stack (most recent call last):
  File "<string>", line 206, in <module>
  File "<string>", line 187, in run_tests
  File "C:\Users\gmanw\AppData\Local\Programs\Python\Python312\Lib\unittest\runner.py", line 240, in run
    test(result)
  File "C:\Users\gmanw\AppData\Local\Programs\Python\Python312\Lib\unittest\suite.py", line 84, in __call__
    return self.run(*args, **kwds)
  File "C:\Users\gmanw\AppData\Local\Programs\Python\Python312\Lib\unittest\suite.py", line 122, in run
    test(result)
  File "C:\Users\gmanw\AppData\Local\Programs\Python\Python312\Lib\unittest\case.py", line 690, in __call__
    return self.run(*args, **kwds)
  File "C:\Users\gmanw\AppData\Local\Programs\Python\Python312\Lib\unittest\case.py", line 634, in run
    self._callTestMethod(testMethod)
  File "C:\Users\gmanw\AppData\Local\Programs\Python\Python312\Lib\unittest\case.py", line 589, in _callTestMethod
    if method() is not None:
  File "d:\MusicProcessing\tests\test_audio_normalization.py", line 95, in test_ebu_normalize_linear
    normalization.ebu_normalize_file(EBU_LINEAR_SRC, show_spinner=False)
  File "d:\MusicProcessing\src\audio_normalize\audio_normalization.py", line 288, in ebu_normalize_file
    logger.exception(f"Exception {type(e_error).__name__} while ebu normalizing audio file: {file_path}", stack_info=True)

2025-09-27 15:55:56,762 — src.audio_normalize.audio_normalization — ERROR — ebu_normalize_file:288 — Exception CalledProcessError while ebu normalizing audio file: d:\MusicProcessing\tests\Music\Abba\Waterloo\ABBA-Waterloo.mp3
Traceback (most recent call last):
  File "d:\MusicProcessing\src\audio_normalize\audio_normalization.py", line 265, in ebu_normalize_file
    normalize_process = subprocess_utils.subprocess_run(normalize_command)
                        ^^^^^^^^^^^^^^^^^^^^^^^^^^^^^^^^^^^^^^^^^^^^^^^^^^
  File "d:\MusicProcessing\src\subprocess_utils.py", line 234, in subprocess_run
    raise cp_error
  File "d:\MusicProcessing\src\subprocess_utils.py", line 224, in subprocess_run
    process = subprocess.run(
              ^^^^^^^^^^^^^^^
  File "C:\Users\gmanw\AppData\Local\Programs\Python\Python312\Lib\subprocess.py", line 571, in run
    raise CalledProcessError(retcode, process.args,
subprocess.CalledProcessError: Command '['ffmpeg', '-hide_banner', '-i', 'd:\\MusicProcessing\\tests\\Music\\Abba\\Waterloo\\ABBA-Waterloo.mp3', '-id3v2_version', '3', '-af', 'loudnorm=I=-16.0:TP=-2.0:LRA=11.0:measured_I=-16.52:measured_TP=-3.42:measured_LRA=2.20:measured_thresh=-26.93:offset=-0.17:linear=true:print_format=json', '-ar', '44100', 'd:\\MusicProcessing\\src\\generated_files\\Music\\Abba\\Waterloo\\ABBA-Waterloo.mp3', '-y']' returned non-zero exit status 4294967294.
Stack (most recent call last):
  File "<string>", line 206, in <module>
  File "<string>", line 187, in run_tests
  File "C:\Users\gmanw\AppData\Local\Programs\Python\Python312\Lib\unittest\runner.py", line 240, in run
    test(result)
  File "C:\Users\gmanw\AppData\Local\Programs\Python\Python312\Lib\unittest\suite.py", line 84, in __call__
    return self.run(*args, **kwds)
  File "C:\Users\gmanw\AppData\Local\Programs\Python\Python312\Lib\unittest\suite.py", line 122, in run
    test(result)
  File "C:\Users\gmanw\AppData\Local\Programs\Python\Python312\Lib\unittest\case.py", line 690, in __call__
    return self.run(*args, **kwds)
  File "C:\Users\gmanw\AppData\Local\Programs\Python\Python312\Lib\unittest\case.py", line 634, in run
    self._callTestMethod(testMethod)
  File "C:\Users\gmanw\AppData\Local\Programs\Python\Python312\Lib\unittest\case.py", line 589, in _callTestMethod
    if method() is not None:
  File "d:\MusicProcessing\tests\test_audio_normalization.py", line 86, in test_ebu_normalize_dynamic
    normalization.ebu_normalize_file(EBU_DYNAMIC_SRC, show_spinner=False)
  File "d:\MusicProcessing\src\audio_normalize\audio_normalization.py", line 288, in ebu_normalize_file
    logger.exception(f"Exception {type(e_error).__name__} while ebu normalizing audio file: {file_path}", stack_info=True)

2025-09-27 15:56:00,793 — src.audio_normalize.audio_normalization — ERROR — ebu_normalize_file:288 — Exception CalledProcessError while ebu normalizing audio file: d:\MusicProcessing\tests\Music\Crush\Here\Crush-Live.mp3
Traceback (most recent call last):
  File "d:\MusicProcessing\src\audio_normalize\audio_normalization.py", line 265, in ebu_normalize_file
    normalize_process = subprocess_utils.subprocess_run(normalize_command)
                        ^^^^^^^^^^^^^^^^^^^^^^^^^^^^^^^^^^^^^^^^^^^^^^^^^^
  File "d:\MusicProcessing\src\subprocess_utils.py", line 234, in subprocess_run
    raise cp_error
  File "d:\MusicProcessing\src\subprocess_utils.py", line 224, in subprocess_run
    process = subprocess.run(
              ^^^^^^^^^^^^^^^
  File "C:\Users\gmanw\AppData\Local\Programs\Python\Python312\Lib\subprocess.py", line 571, in run
    raise CalledProcessError(retcode, process.args,
subprocess.CalledProcessError: Command '['ffmpeg', '-hide_banner', '-i', 'd:\\MusicProcessing\\tests\\Music\\Crush\\Here\\Crush-Live.mp3', '-id3v2_version', '3', '-af', 'loudnorm=I=-16.0:TP=-2.0:LRA=11.0:measured_I=-16.77:measured_TP=-6.66:measured_LRA=8.10:measured_thresh=-26.99:offset=-0.64:linear=true:print_format=json', '-ar', '44100', 'd:\\MusicProcessing\\src\\generated_files\\Music\\Crush\\Here\\Crush-Live.mp3', '-y']' returned non-zero exit status 4294967294.
Stack (most recent call last):
  File "c:\Users\gmanw\.vscode\extensions\ms-python.python-2025.14.0-win32-x64\python_files\unittestadapter\execution.py", line 358, in <module>
    payload = run_tests(
  File "c:\Users\gmanw\.vscode\extensions\ms-python.python-2025.14.0-win32-x64\python_files\unittestadapter\execution.py", line 238, in run_tests
    result: UnittestTestResult = runner.run(tailor)  # type: ignore
  File "C:\Users\gmanw\AppData\Local\Programs\Python\Python312\Lib\unittest\runner.py", line 240, in run
    test(result)
  File "C:\Users\gmanw\AppData\Local\Programs\Python\Python312\Lib\unittest\suite.py", line 84, in __call__
    return self.run(*args, **kwds)
  File "C:\Users\gmanw\AppData\Local\Programs\Python\Python312\Lib\unittest\suite.py", line 122, in run
    test(result)
  File "C:\Users\gmanw\AppData\Local\Programs\Python\Python312\Lib\unittest\suite.py", line 84, in __call__
    return self.run(*args, **kwds)
  File "C:\Users\gmanw\AppData\Local\Programs\Python\Python312\Lib\unittest\suite.py", line 122, in run
    test(result)
  File "C:\Users\gmanw\AppData\Local\Programs\Python\Python312\Lib\unittest\suite.py", line 84, in __call__
    return self.run(*args, **kwds)
  File "C:\Users\gmanw\AppData\Local\Programs\Python\Python312\Lib\unittest\suite.py", line 122, in run
    test(result)
  File "C:\Users\gmanw\AppData\Local\Programs\Python\Python312\Lib\unittest\case.py", line 690, in __call__
    return self.run(*args, **kwds)
  File "C:\Users\gmanw\AppData\Local\Programs\Python\Python312\Lib\unittest\case.py", line 634, in run
    self._callTestMethod(testMethod)
  File "C:\Users\gmanw\AppData\Local\Programs\Python\Python312\Lib\unittest\case.py", line 589, in _callTestMethod
    if method() is not None:
  File "d:\MusicProcessing\tests\test_audio_normalization.py", line 95, in test_ebu_normalize_linear
    normalization.ebu_normalize_file(EBU_LINEAR_SRC, show_spinner=False)
  File "d:\MusicProcessing\src\audio_normalize\audio_normalization.py", line 288, in ebu_normalize_file
    logger.exception(f"Exception {type(e_error).__name__} while ebu normalizing audio file: {file_path}", stack_info=True)

2025-09-27 15:56:06,165 — src.audio_normalize.audio_normalization — ERROR — ebu_normalize_file:288 — Exception CalledProcessError while ebu normalizing audio file: d:\MusicProcessing\tests\Music\Crush\Here\Crush-Live.mp3
Traceback (most recent call last):
  File "d:\MusicProcessing\src\audio_normalize\audio_normalization.py", line 265, in ebu_normalize_file
    normalize_process = subprocess_utils.subprocess_run(normalize_command)
                        ^^^^^^^^^^^^^^^^^^^^^^^^^^^^^^^^^^^^^^^^^^^^^^^^^^
  File "d:\MusicProcessing\src\subprocess_utils.py", line 234, in subprocess_run
    raise cp_error
  File "d:\MusicProcessing\src\subprocess_utils.py", line 224, in subprocess_run
    process = subprocess.run(
              ^^^^^^^^^^^^^^^
  File "C:\Users\gmanw\AppData\Local\Programs\Python\Python312\Lib\subprocess.py", line 571, in run
    raise CalledProcessError(retcode, process.args,
subprocess.CalledProcessError: Command '['ffmpeg', '-hide_banner', '-i', 'd:\\MusicProcessing\\tests\\Music\\Crush\\Here\\Crush-Live.mp3', '-id3v2_version', '3', '-af', 'loudnorm=I=-16.0:TP=-2.0:LRA=11.0:measured_I=-16.77:measured_TP=-6.66:measured_LRA=8.10:measured_thresh=-26.99:offset=-0.64:linear=true:print_format=json', '-ar', '44100', 'd:\\MusicProcessing\\src\\generated_files\\Music\\Crush\\Here\\Crush-Live.mp3', '-y']' returned non-zero exit status 4294967294.
Stack (most recent call last):
  File "<string>", line 206, in <module>
  File "<string>", line 187, in run_tests
  File "C:\Users\gmanw\AppData\Local\Programs\Python\Python312\Lib\unittest\runner.py", line 240, in run
    test(result)
  File "C:\Users\gmanw\AppData\Local\Programs\Python\Python312\Lib\unittest\suite.py", line 84, in __call__
    return self.run(*args, **kwds)
  File "C:\Users\gmanw\AppData\Local\Programs\Python\Python312\Lib\unittest\suite.py", line 122, in run
    test(result)
  File "C:\Users\gmanw\AppData\Local\Programs\Python\Python312\Lib\unittest\case.py", line 690, in __call__
    return self.run(*args, **kwds)
  File "C:\Users\gmanw\AppData\Local\Programs\Python\Python312\Lib\unittest\case.py", line 634, in run
    self._callTestMethod(testMethod)
  File "C:\Users\gmanw\AppData\Local\Programs\Python\Python312\Lib\unittest\case.py", line 589, in _callTestMethod
    if method() is not None:
  File "d:\MusicProcessing\tests\test_audio_normalization.py", line 95, in test_ebu_normalize_linear
    normalization.ebu_normalize_file(EBU_LINEAR_SRC, show_spinner=False)
  File "d:\MusicProcessing\src\audio_normalize\audio_normalization.py", line 288, in ebu_normalize_file
    logger.exception(f"Exception {type(e_error).__name__} while ebu normalizing audio file: {file_path}", stack_info=True)

2025-09-27 15:56:07,079 — src.audio_normalize.audio_normalization — ERROR — peak_normalize_file:575 — Exception CalledProcessError while peak normalizing audio file: d:\MusicProcessing\tests\Music\Crush\Here\Crush-Live.mp3
Traceback (most recent call last):
  File "d:\MusicProcessing\src\audio_normalize\audio_normalization.py", line 566, in peak_normalize_file
    _ = subprocess_utils.subprocess_run(command)
        ^^^^^^^^^^^^^^^^^^^^^^^^^^^^^^^^^^^^^^^^
  File "d:\MusicProcessing\src\subprocess_utils.py", line 234, in subprocess_run
    raise cp_error
  File "d:\MusicProcessing\src\subprocess_utils.py", line 224, in subprocess_run
    process = subprocess.run(
              ^^^^^^^^^^^^^^^
  File "C:\Users\gmanw\AppData\Local\Programs\Python\Python312\Lib\subprocess.py", line 571, in run
    raise CalledProcessError(retcode, process.args,
subprocess.CalledProcessError: Command '['ffmpeg', '-hide_banner', '-i', 'd:\\MusicProcessing\\tests\\Music\\Crush\\Here\\Crush-Live.mp3', '-filter:a', 'volume=5.00dB', '-c:v', 'copy', '-c:a', 'libmp3lame', '-b:a', '129156', '-id3v2_version', '3', 'd:\\MusicProcessing\\src\\generated_files\\Music\\Crush\\Here\\Crush-Live.mp3', '-y']' returned non-zero exit status 4294967294.
Stack (most recent call last):
  File "<string>", line 206, in <module>
  File "<string>", line 187, in run_tests
  File "C:\Users\gmanw\AppData\Local\Programs\Python\Python312\Lib\unittest\runner.py", line 240, in run
    test(result)
  File "C:\Users\gmanw\AppData\Local\Programs\Python\Python312\Lib\unittest\suite.py", line 84, in __call__
    return self.run(*args, **kwds)
  File "C:\Users\gmanw\AppData\Local\Programs\Python\Python312\Lib\unittest\suite.py", line 122, in run
    test(result)
  File "C:\Users\gmanw\AppData\Local\Programs\Python\Python312\Lib\unittest\case.py", line 690, in __call__
    return self.run(*args, **kwds)
  File "C:\Users\gmanw\AppData\Local\Programs\Python\Python312\Lib\unittest\case.py", line 634, in run
    self._callTestMethod(testMethod)
  File "C:\Users\gmanw\AppData\Local\Programs\Python\Python312\Lib\unittest\case.py", line 589, in _callTestMethod
    if method() is not None:
  File "d:\MusicProcessing\tests\test_audio_normalization.py", line 247, in test_peak_normalize_file
    normalization.peak_normalize_file(PEAK_SRC, show_spinner=False)
  File "d:\MusicProcessing\src\audio_normalize\audio_normalization.py", line 575, in peak_normalize_file
    logger.exception(f"Exception {type(e_error).__name__} while peak normalizing audio file: {file_path}", stack_info=True)
