
2025-10-01 15:49:20,949 — src.audio_info.audio_utilities — ERROR — clip_vol_check_walk:133 — Exception ValueError while rms clip checking audio file: 3 Doors Down-It's Not My Time.mp3
Traceback (most recent call last):
  File "D:\MusicProcessing\src\audio_info\audio_utilities.py", line 121, in clip_vol_check_walk
    f"rms normalizing by {TP:.1f} minus {mean_volume:.2f} equaling {rms_adjustment:.2f}"
                         ^^^^^^^^
ValueError: Unknown format code 'f' for object of type 'str'
Stack (most recent call last):
  File "c:\Users\gmanw\AppData\Local\Programs\Python\Python312\Lib\runpy.py", line 198, in _run_module_as_main
    return _run_code(code, main_globals, None,
  File "c:\Users\gmanw\AppData\Local\Programs\Python\Python312\Lib\runpy.py", line 88, in _run_code
    exec(code, run_globals)
  File "c:\Users\gmanw\.vscode\extensions\ms-python.debugpy-2025.10.0-win32-x64\bundled\libs\debugpy\launcher/../..\debugpy\__main__.py", line 71, in <module>
    cli.main()
  File "c:\Users\gmanw\.vscode\extensions\ms-python.debugpy-2025.10.0-win32-x64\bundled\libs\debugpy\launcher/../..\debugpy/..\debugpy\server\cli.py", line 501, in main
    run()
  File "c:\Users\gmanw\.vscode\extensions\ms-python.debugpy-2025.10.0-win32-x64\bundled\libs\debugpy\launcher/../..\debugpy/..\debugpy\server\cli.py", line 351, in run_file
    runpy.run_path(target, run_name="__main__")
  File "c:\Users\gmanw\.vscode\extensions\ms-python.debugpy-2025.10.0-win32-x64\bundled\libs\debugpy\_vendored\pydevd\_pydevd_bundle\pydevd_runpy.py", line 310, in run_path
    return _run_module_code(code, init_globals, run_name, pkg_name=pkg_name, script_name=fname)
  File "c:\Users\gmanw\.vscode\extensions\ms-python.debugpy-2025.10.0-win32-x64\bundled\libs\debugpy\_vendored\pydevd\_pydevd_bundle\pydevd_runpy.py", line 127, in _run_module_code
    _run_code(code, mod_globals, init_globals, mod_name, mod_spec, pkg_name, script_name)
  File "c:\Users\gmanw\.vscode\extensions\ms-python.debugpy-2025.10.0-win32-x64\bundled\libs\debugpy\_vendored\pydevd\_pydevd_bundle\pydevd_runpy.py", line 118, in _run_code
    exec(code, run_globals)
  File "D:\MusicProcessing\tests\test_one_offs.py", line 104, in <module>
    runner.run(suite)
  File "c:\Users\gmanw\AppData\Local\Programs\Python\Python312\Lib\unittest\runner.py", line 240, in run
    test(result)
  File "c:\Users\gmanw\AppData\Local\Programs\Python\Python312\Lib\unittest\suite.py", line 84, in __call__
    return self.run(*args, **kwds)
  File "c:\Users\gmanw\AppData\Local\Programs\Python\Python312\Lib\unittest\suite.py", line 122, in run
    test(result)
  File "c:\Users\gmanw\AppData\Local\Programs\Python\Python312\Lib\unittest\case.py", line 690, in __call__
    return self.run(*args, **kwds)
  File "c:\Users\gmanw\AppData\Local\Programs\Python\Python312\Lib\unittest\case.py", line 634, in run
    self._callTestMethod(testMethod)
  File "c:\Users\gmanw\AppData\Local\Programs\Python\Python312\Lib\unittest\case.py", line 589, in _callTestMethod
    if method() is not None:
  File "D:\MusicProcessing\tests\test_one_offs.py", line 48, in test_clip_vol_check_walk
    utilities.clip_vol_check_walk(converted_tld)
  File "D:\MusicProcessing\src\audio_info\audio_utilities.py", line 133, in clip_vol_check_walk
    logger.exception(f"Exception {type(e_error).__name__} while rms clip checking audio file: {file}", stack_info=True)
