
2025-08-27 17:10:13,776 — src.audio_info.audio_art — INFO — extract_ffmpeg_art:302 — FFMPEG extracted album art from Elton John-Saturday Night's Alright for Fighting.wma and saved to d:\MusicProcessing\tests\Music\Elton John\Goodbye Yellow Brick Road

2025-08-27 17:10:13,814 — src.audio_info.audio_art — INFO — extract_album_art:213 — No video stream album art present in d:\MusicProcessing\tests\Music\Billie Holiday\Georgia On My Mind\Billie Holiday-Georgia On My Mind.wma

2025-08-27 17:10:13,823 — src.audio_info.audio_art — INFO — __write_data:165 — Album art written from Billie Holiday-Georgia On My Mind.wma and saved to d:\MusicProcessing\tests\Music\Billie Holiday\Georgia On My Mind

2025-08-27 17:10:13,826 — src.audio_info.audio_art — INFO — __write_data:165 — Album art written from Elton John-Saturday Night's Alright for Fighting.wma and saved to d:\MusicProcessing\tests\Music\Elton John\Goodbye Yellow Brick Road

2025-08-27 17:10:13,862 — src.audio_info.audio_art — INFO — extract_ffmpeg_art:302 — FFMPEG extracted album art from Crush-Live.mp3 and saved to d:\MusicProcessing\tests\Music\Crush\Here

2025-08-30 16:55:51,148 — src.audio_info.audio_art — INFO — extract_album_art:179 — d:\MusicProcessing\tests\Music\Abba\Waterloo has a Folder.jpg

2025-08-30 16:55:51,148 — src.audio_info.audio_art — WARNING — extract_album_art:185 — test.m3u is not an audio file

2025-08-30 16:55:51,199 — src.audio_info.audio_art — INFO — extract_album_art:195 — No video stream album art present in d:\MusicProcessing\tests\Music\Crush\Here\No_tag_Crush-Live.mp3

2025-08-30 16:55:51,215 — src.audio_info.audio_art — WARNING — extract_album_art:210 — No album art present in d:\MusicProcessing\tests\Music\Crush\Here\No_tag_Crush-Live.mp3

2025-08-30 16:55:51,402 — src.audio_info.audio_art — INFO — extract_album_art:195 — No video stream album art present in d:\MusicProcessing\tests\Music\Billie Holiday\Georgia On My Mind\Billie Holiday-Georgia On My Mind.wma

2025-08-30 16:55:51,535 — src.audio_info.audio_art — ERROR — extract_ffmpeg_art:286 — Exception CalledProcessError using ffmpeg to extract art from d:\MusicProcessing\tests\Music\Billie Holiday\Georgia On My Mind\Billie Holiday-Georgia On My Mind.wma
Traceback (most recent call last):
  File "d:\MusicProcessing\src\audio_info\audio_art.py", line 283, in extract_ffmpeg_art
    _ = subprocess_utils.subprocess_run(command)
        ^^^^^^^^^^^^^^^^^^^^^^^^^^^^^^^^^^^^^^^^
  File "d:\MusicProcessing\src\subprocess_utils.py", line 149, in subprocess_run
    raise cp_error
  File "d:\MusicProcessing\src\subprocess_utils.py", line 140, in subprocess_run
    process = subprocess.run(
              ^^^^^^^^^^^^^^^
  File "C:\Users\gmanw\AppData\Local\Programs\Python\Python312\Lib\subprocess.py", line 571, in run
    raise CalledProcessError(retcode, process.args,
subprocess.CalledProcessError: Command '['ffmpeg', '-hide_banner', '-i', 'd:\\MusicProcessing\\tests\\Music\\Billie Holiday\\Georgia On My Mind\\Billie Holiday-Georgia On My Mind.wma', '-an', '-map', '0:v', '-map_metadata', '-1', '-update', '1', 'd:\\MusicProcessing\\tests\\Music\\Billie Holiday\\Georgia On My Mind\\Folder.jpg', '-y']' returned non-zero exit status 4294967274.
Stack (most recent call last):
  File "<string>", line 206, in <module>
  File "<string>", line 187, in run_tests
  File "C:\Users\gmanw\AppData\Local\Programs\Python\Python312\Lib\unittest\runner.py", line 240, in run
    test(result)
  File "C:\Users\gmanw\AppData\Local\Programs\Python\Python312\Lib\unittest\suite.py", line 84, in __call__
    return self.run(*args, **kwds)
  File "C:\Users\gmanw\AppData\Local\Programs\Python\Python312\Lib\unittest\suite.py", line 122, in run
    test(result)
  File "C:\Users\gmanw\AppData\Local\Programs\Python\Python312\Lib\unittest\case.py", line 690, in __call__
    return self.run(*args, **kwds)
  File "C:\Users\gmanw\AppData\Local\Programs\Python\Python312\Lib\unittest\case.py", line 634, in run
    self._callTestMethod(testMethod)
  File "C:\Users\gmanw\AppData\Local\Programs\Python\Python312\Lib\unittest\case.py", line 589, in _callTestMethod
    if method() is not None:
  File "d:\MusicProcessing\tests\test_audio_art.py", line 186, in test_extract_ffmpeg_art_no_stream
    art.extract_ffmpeg_art(input_audio)
  File "d:\MusicProcessing\src\audio_info\audio_art.py", line 286, in extract_ffmpeg_art
    logger.exception(f"Exception {type(e_error).__name__} using ffmpeg to extract art from {input_path}", stack_info=True)

2025-08-30 16:55:51,634 — src.audio_info.audio_art — WARNING — set_album_art:493 — No album art set for d:\MusicProcessing\tests\Music\38 Special\Teachers

2025-08-30 16:55:51,634 — src.audio_info.audio_art — INFO — set_album_art:477 — Found Folder.jpg in d:\MusicProcessing\tests\Music\Abba\Waterloo

2025-08-30 16:55:51,635 — src.audio_info.audio_art — WARNING — set_album_art:493 — No album art set for d:\MusicProcessing\tests\Music\Aerosmith\Devil's Got a New Disguise-The Very Best of Aerosmith

2025-08-30 16:55:51,635 — src.audio_info.audio_art — WARNING — set_album_art:493 — No album art set for d:\MusicProcessing\tests\Music\Bear McCreary\Battlestar Galactica

2025-08-30 16:55:51,635 — src.audio_info.audio_art — WARNING — set_album_art:493 — No album art set for d:\MusicProcessing\tests\Music\Billie Holiday\Georgia On My Mind

2025-08-30 16:55:51,635 — src.audio_info.audio_art — WARNING — set_album_art:493 — No album art set for d:\MusicProcessing\tests\Music\Creedence Clearwater Revival\Chronicle, Vol. 1

2025-08-30 16:55:51,635 — src.audio_info.audio_art — WARNING — set_album_art:493 — No album art set for d:\MusicProcessing\tests\Music\Crush\Here

2025-08-30 16:55:51,635 — src.audio_info.audio_art — WARNING — set_album_art:493 — No album art set for d:\MusicProcessing\tests\Music\Daughtry\Leave This Town

2025-08-30 16:55:51,635 — src.audio_info.audio_art — WARNING — set_album_art:493 — No album art set for d:\MusicProcessing\tests\Music\Elton John\Goodbye Yellow Brick Road

2025-08-30 16:55:51,635 — src.audio_info.audio_art — WARNING — set_album_art:493 — No album art set for d:\MusicProcessing\tests\Music\Joshua Davis\The Voice Peformance

2025-08-30 16:55:51,635 — src.audio_info.audio_art — WARNING — set_album_art:493 — No album art set for d:\MusicProcessing\tests\Music\Sawyer Fredericks\A Good Storm

2025-08-30 16:55:51,635 — src.audio_info.audio_art — WARNING — set_album_art:493 — No album art set for d:\MusicProcessing\tests\Music\The Eagles\Desperado

2025-08-30 16:55:51,635 — src.audio_info.audio_art — WARNING — set_album_art:493 — No album art set for d:\MusicProcessing\tests\Music\The Lord of the Rings\The Return of the King
