
2025-09-27 15:49:38,973 — src.audio_info.audio_art — INFO — extract_album_art:180 — D:\MusicProcessing\tests\Music\Abba\Waterloo has a Folder.jpg

2025-09-27 15:49:39,022 — src.audio_info.audio_art — INFO — extract_album_art:196 — No video stream album art present in D:\MusicProcessing\tests\Music\Crush\Here\No_tag_Crush-Live.mp3

2025-09-27 15:49:39,091 — src.audio_info.audio_art — INFO — extract_album_art:196 — No video stream album art present in D:\MusicProcessing\tests\Music\Billie Holiday\Georgia On My Mind\Billie Holiday-Georgia On My Mind.wma

2025-09-27 15:49:39,855 — src.audio_info.audio_art — INFO — set_album_art:483 — Found Folder.jpg in D:\MusicProcessing\tests\Music\Abba\Waterloo

2025-09-27 15:49:39,889 — src.audio_info.audio_art — INFO — set_album_art:483 — Found Folder.jpg in D:\MusicProcessing\tests\Music\Creedence Clearwater Revival\Chronicle, Vol. 1

2025-09-27 15:49:39,891 — src.audio_info.audio_art — INFO — set_album_art:483 — Found Folder.jpg in D:\MusicProcessing\tests\Music\NoMetadata\Here

2025-09-27 15:49:39,891 — src.audio_info.audio_art — INFO — set_album_art:483 — Found Folder.jpg in D:\MusicProcessing\tests\Music\The Eagles\Desperado

2025-09-27 15:52:01,848 — src.audio_info.audio_playlist — INFO — update_paths:175 — Updated test.m3u


2025-09-27 15:52:02,708 — src.audio_info.audio_art — INFO — extract_album_art:180 — d:\MusicProcessing\tests\Music\Elton John\Goodbye Yellow Brick Road has a Folder.jpg

2025-09-27 15:52:02,725 — src.audio_info.audio_art — INFO — extract_album_art:180 — d:\MusicProcessing\tests\Music\Abba\Waterloo has a Folder.jpg

2025-09-27 15:52:02,725 — src.audio_info.audio_art — INFO — extract_album_art:180 — d:\MusicProcessing\tests\Music\Abba\Waterloo has a Folder.jpg

2025-09-27 15:52:02,783 — src.audio_info.audio_art — INFO — extract_album_art:196 — No video stream album art present in d:\MusicProcessing\tests\Music\Crush\Here\No_tag_Crush-Live.mp3

2025-09-27 15:52:02,791 — src.audio_info.audio_art — INFO — extract_album_art:196 — No video stream album art present in d:\MusicProcessing\tests\Music\Crush\Here\No_tag_Crush-Live.mp3

2025-09-27 15:52:02,862 — src.audio_info.audio_art — INFO — extract_album_art:196 — No video stream album art present in d:\MusicProcessing\tests\Music\Billie Holiday\Georgia On My Mind\Billie Holiday-Georgia On My Mind.wma

2025-09-27 15:52:02,862 — src.audio_info.audio_art — INFO — extract_album_art:196 — No video stream album art present in d:\MusicProcessing\tests\Music\Billie Holiday\Georgia On My Mind\Billie Holiday-Georgia On My Mind.wma

2025-09-27 15:52:03,118 — src.audio_info.audio_art — INFO — extract_album_art:196 — No video stream album art present in d:\MusicProcessing\tests\PreppedMusic\Abba\ABBA-Waterloo.mp3

2025-09-27 15:52:03,122 — src.audio_info.audio_art — INFO — extract_album_art:196 — No video stream album art present in d:\MusicProcessing\tests\PreppedMusic\Abba\ABBA-Waterloo.mp3

2025-09-27 15:52:03,222 — src.audio_info.audio_art — INFO — extract_album_art:196 — No video stream album art present in d:\MusicProcessing\tests\PreppedMusic\Creedence Clearwater Revival\Creedence Clearwater Revival-Fortunate Son.wma

2025-09-27 15:52:03,237 — src.audio_info.audio_art — INFO — extract_album_art:196 — No video stream album art present in d:\MusicProcessing\tests\PreppedMusic\Creedence Clearwater Revival\Creedence Clearwater Revival-Fortunate Son.wma

2025-09-27 15:52:03,870 — src.audio_info.audio_art — INFO — extract_album_art:196 — No video stream album art present in d:\MusicProcessing\tests\PreppedMusic\Abba\ABBA-Waterloo.mp3

2025-09-27 15:52:03,994 — src.audio_info.audio_art — INFO — extract_album_art:196 — No video stream album art present in d:\MusicProcessing\tests\PreppedMusic\Abba\ABBA-Waterloo.mp3

2025-09-27 15:52:04,126 — src.audio_info.audio_art — INFO — set_album_art:483 — Found Folder.jpg in d:\MusicProcessing\tests\Music\Abba\Waterloo

2025-09-27 15:52:04,201 — src.audio_info.audio_art — INFO — set_album_art:483 — Found Folder.jpg in d:\MusicProcessing\tests\Music\Abba\Waterloo

2025-09-27 15:52:04,237 — src.audio_info.audio_art — INFO — set_album_art:483 — Found Folder.jpg in d:\MusicProcessing\tests\Music\Creedence Clearwater Revival\Chronicle, Vol. 1

2025-09-27 15:52:04,239 — src.audio_info.audio_art — INFO — set_album_art:483 — Found Folder.jpg in d:\MusicProcessing\tests\Music\NoMetadata\Here

2025-09-27 15:52:04,240 — src.audio_info.audio_art — INFO — set_album_art:483 — Found Folder.jpg in d:\MusicProcessing\tests\Music\The Eagles\Desperado

2025-09-27 15:54:01,806 — src.audio_info.audio_playlist — INFO — update_paths:175 — Updated test.m3u


2025-09-27 15:54:02,613 — src.audio_info.audio_art — INFO — extract_album_art:180 — d:\MusicProcessing\tests\Music\Abba\Waterloo has a Folder.jpg

2025-09-27 15:54:02,653 — src.audio_info.audio_art — INFO — extract_album_art:196 — No video stream album art present in d:\MusicProcessing\tests\Music\Crush\Here\No_tag_Crush-Live.mp3

2025-09-27 15:54:02,733 — src.audio_info.audio_art — INFO — extract_album_art:196 — No video stream album art present in d:\MusicProcessing\tests\Music\Billie Holiday\Georgia On My Mind\Billie Holiday-Georgia On My Mind.wma

2025-09-27 15:54:02,861 — src.audio_info.audio_art — INFO — extract_album_art:180 — d:\MusicProcessing\tests\Music\Abba\Waterloo has a Folder.jpg

2025-09-27 15:54:02,918 — src.audio_info.audio_art — INFO — extract_album_art:196 — No video stream album art present in d:\MusicProcessing\tests\Music\Crush\Here\No_tag_Crush-Live.mp3

2025-09-27 15:54:02,998 — src.audio_info.audio_art — INFO — extract_album_art:196 — No video stream album art present in d:\MusicProcessing\tests\Music\Billie Holiday\Georgia On My Mind\Billie Holiday-Georgia On My Mind.wma

2025-09-27 15:54:03,117 — src.audio_info.audio_art — INFO — extract_album_art:196 — No video stream album art present in d:\MusicProcessing\tests\PreppedMusic\Abba\ABBA-Waterloo.mp3

2025-09-27 15:54:03,166 — src.audio_info.audio_art — INFO — extract_album_art:196 — No video stream album art present in d:\MusicProcessing\tests\PreppedMusic\Creedence Clearwater Revival\Creedence Clearwater Revival-Fortunate Son.wma

2025-09-27 15:54:03,369 — src.audio_info.audio_art — INFO — extract_album_art:196 — No video stream album art present in d:\MusicProcessing\tests\PreppedMusic\Abba\ABBA-Waterloo.mp3

2025-09-27 15:54:03,424 — src.audio_info.audio_art — INFO — extract_album_art:196 — No video stream album art present in d:\MusicProcessing\tests\PreppedMusic\Creedence Clearwater Revival\Creedence Clearwater Revival-Fortunate Son.wma

2025-09-27 15:54:03,786 — src.audio_info.audio_art — INFO — extract_album_art:196 — No video stream album art present in d:\MusicProcessing\tests\PreppedMusic\Abba\ABBA-Waterloo.mp3

2025-09-27 15:54:03,922 — src.audio_info.audio_art — INFO — extract_album_art:196 — No video stream album art present in d:\MusicProcessing\tests\PreppedMusic\Abba\ABBA-Waterloo.mp3

2025-09-27 15:54:04,042 — src.audio_info.audio_art — INFO — set_album_art:483 — Found Folder.jpg in d:\MusicProcessing\tests\Music\Abba\Waterloo

2025-09-27 15:54:04,053 — src.audio_info.audio_art — INFO — set_album_art:483 — Found Folder.jpg in d:\MusicProcessing\tests\Music\Creedence Clearwater Revival\Chronicle, Vol. 1

2025-09-27 15:54:04,057 — src.audio_info.audio_art — INFO — set_album_art:483 — Found Folder.jpg in d:\MusicProcessing\tests\Music\NoMetadata\Here

2025-09-27 15:54:04,057 — src.audio_info.audio_art — INFO — set_album_art:483 — Found Folder.jpg in d:\MusicProcessing\tests\Music\The Eagles\Desperado

2025-09-27 15:54:04,148 — src.audio_info.audio_art — INFO — set_album_art:483 — Found Folder.jpg in d:\MusicProcessing\tests\Music\Abba\Waterloo

2025-09-27 15:54:04,154 — src.audio_info.audio_art — INFO — set_album_art:483 — Found Folder.jpg in d:\MusicProcessing\tests\Music\Creedence Clearwater Revival\Chronicle, Vol. 1

2025-09-27 15:54:04,157 — src.audio_info.audio_art — INFO — set_album_art:483 — Found Folder.jpg in d:\MusicProcessing\tests\Music\NoMetadata\Here

2025-09-27 15:54:04,158 — src.audio_info.audio_art — INFO — set_album_art:483 — Found Folder.jpg in d:\MusicProcessing\tests\Music\The Eagles\Desperado

2025-09-27 15:54:55,816 — src.audio_info.audio_playlist — INFO — update_paths:175 — Updated test.m3u


2025-09-27 15:55:17,404 — src.audio_info.audio_art — INFO — extract_album_art:180 — d:\MusicProcessing\tests\Music\Abba\Waterloo has a Folder.jpg

2025-09-27 15:55:17,440 — src.audio_info.audio_art — INFO — extract_album_art:196 — No video stream album art present in d:\MusicProcessing\tests\Music\Crush\Here\No_tag_Crush-Live.mp3

2025-09-27 15:55:17,490 — src.audio_info.audio_art — INFO — extract_album_art:196 — No video stream album art present in d:\MusicProcessing\tests\Music\Billie Holiday\Georgia On My Mind\Billie Holiday-Georgia On My Mind.wma

2025-09-27 15:55:18,057 — src.audio_info.audio_art — INFO — set_album_art:483 — Found Folder.jpg in d:\MusicProcessing\tests\Music\Abba\Waterloo

2025-09-27 15:55:18,073 — src.audio_info.audio_art — INFO — set_album_art:483 — Found Folder.jpg in d:\MusicProcessing\tests\Music\Creedence Clearwater Revival\Chronicle, Vol. 1

2025-09-27 15:55:18,076 — src.audio_info.audio_art — INFO — set_album_art:483 — Found Folder.jpg in d:\MusicProcessing\tests\Music\NoMetadata\Here

2025-09-27 15:55:18,077 — src.audio_info.audio_art — INFO — set_album_art:483 — Found Folder.jpg in d:\MusicProcessing\tests\Music\The Eagles\Desperado

2025-09-27 15:56:07,104 — src.audio_info.audio_playlist — INFO — update_paths:175 — Updated test.m3u


2025-09-27 15:58:06,660 — src.audio_info.audio_art — INFO — extract_album_art:180 — d:\MusicProcessing\tests\Music\Abba\Waterloo has a Folder.jpg

2025-09-27 15:58:06,691 — src.audio_info.audio_art — INFO — extract_album_art:196 — No video stream album art present in d:\MusicProcessing\tests\Music\Crush\Here\No_tag_Crush-Live.mp3

2025-09-27 15:58:06,754 — src.audio_info.audio_art — INFO — extract_album_art:196 — No video stream album art present in d:\MusicProcessing\tests\Music\Billie Holiday\Georgia On My Mind\Billie Holiday-Georgia On My Mind.wma

2025-09-27 15:58:07,357 — src.audio_info.audio_art — INFO — set_album_art:483 — Found Folder.jpg in d:\MusicProcessing\tests\Music\Abba\Waterloo

2025-09-27 15:58:07,357 — src.audio_info.audio_art — INFO — set_album_art:483 — Found Folder.jpg in d:\MusicProcessing\tests\Music\Creedence Clearwater Revival\Chronicle, Vol. 1

2025-09-27 15:58:07,372 — src.audio_info.audio_art — INFO — set_album_art:483 — Found Folder.jpg in d:\MusicProcessing\tests\Music\NoMetadata\Here

2025-09-27 15:58:07,372 — src.audio_info.audio_art — INFO — set_album_art:483 — Found Folder.jpg in d:\MusicProcessing\tests\Music\The Eagles\Desperado

2025-09-27 16:10:23,433 — src.audio_info.audio_playlist — INFO — update_paths:175 — Updated test.m3u

