
2025-09-19 12:23:43,193 — src.audio_info.audio_metadata — WARNING — convert_file:284 — album directory D:\MusicProcessing\tests\Music\Crush\Here does not contain a Folder.jpg file.

2025-09-19 12:23:57,168 — src.audio_info.audio_metadata — WARNING — convert_walk:406 — Pattern .m3u is not for a valid audio file

2025-09-19 13:41:01,070 — src.audio_info.audio_metadata — WARNING — convert_file:284 — album directory D:\MusicProcessing\tests\Music\Crush\Here does not contain a Folder.jpg file.

2025-09-19 13:41:15,028 — src.audio_info.audio_metadata — WARNING — convert_walk:406 — Pattern .m3u is not for a valid audio file

2025-09-23 17:20:35,249 — src.audio_info.audio_metadata — WARNING — convert_file:284 — album directory D:\MusicProcessing\tests\Music\Crush\Here does not contain a Folder.jpg file.

2025-09-23 17:20:51,018 — src.audio_info.audio_metadata — WARNING — convert_walk:406 — Pattern .m3u is not for a valid audio file

2025-09-23 17:21:48,946 — src.audio_info.audio_metadata — WARNING — convert_file:284 — album directory D:\MusicProcessing\tests\Music\Crush\Here does not contain a Folder.jpg file.

2025-09-23 17:22:04,089 — src.audio_info.audio_metadata — WARNING — convert_walk:406 — Pattern .m3u is not for a valid audio file

2025-09-23 17:29:21,399 — src.audio_info.audio_metadata — WARNING — convert_file:284 — album directory D:\MusicProcessing\tests\Music\Crush\Here does not contain a Folder.jpg file.

2025-09-23 17:29:36,601 — src.audio_info.audio_metadata — WARNING — convert_walk:406 — Pattern .m3u is not for a valid audio file

2025-09-23 17:31:03,824 — src.audio_info.audio_metadata — WARNING — convert_file:284 — album directory D:\MusicProcessing\tests\Music\Crush\Here does not contain a Folder.jpg file.

2025-09-23 17:31:19,018 — src.audio_info.audio_metadata — WARNING — convert_walk:406 — Pattern .m3u is not for a valid audio file

2025-09-23 17:35:55,512 — src.audio_info.audio_metadata — WARNING — convert_file:284 — album directory D:\MusicProcessing\tests\Music\Crush\Here does not contain a Folder.jpg file.

2025-09-23 17:36:11,412 — src.audio_info.audio_metadata — WARNING — convert_walk:406 — Pattern .m3u is not for a valid audio file

2025-09-24 11:51:34,073 — src.audio_info.audio_metadata — WARNING — convert_file:284 — album directory D:\MusicProcessing\tests\Music\Crush\Here does not contain a Folder.jpg file.

2025-09-24 11:51:48,043 — src.audio_info.audio_metadata — WARNING — convert_walk:406 — Pattern .m3u is not for a valid audio file

2025-09-24 13:55:27,893 — src.audio_info.audio_metadata — WARNING — convert_file:284 — album directory D:\MusicProcessing\tests\Music\Crush\Here does not contain a Folder.jpg file.

2025-09-24 13:55:41,998 — src.audio_info.audio_metadata — WARNING — convert_walk:406 — Pattern .m3u is not for a valid audio file

2025-09-24 13:58:30,160 — src.audio_info.audio_metadata — WARNING — convert_file:284 — album directory D:\MusicProcessing\tests\Music\Crush\Here does not contain a Folder.jpg file.

2025-09-24 13:58:44,168 — src.audio_info.audio_metadata — WARNING — convert_walk:406 — Pattern .m3u is not for a valid audio file

2025-09-24 14:06:44,614 — src.audio_info.audio_metadata — WARNING — convert_file:284 — album directory D:\MusicProcessing\tests\Music\Crush\Here does not contain a Folder.jpg file.

2025-09-24 14:06:58,642 — src.audio_info.audio_metadata — WARNING — convert_walk:406 — Pattern .m3u is not for a valid audio file

2025-09-24 14:12:27,364 — src.audio_info.audio_metadata — WARNING — convert_file:284 — album directory D:\MusicProcessing\tests\Music\Crush\Here does not contain a Folder.jpg file.

2025-09-24 14:12:41,247 — src.audio_info.audio_metadata — WARNING — convert_walk:406 — Pattern .m3u is not for a valid audio file

2025-09-24 14:18:33,309 — src.audio_info.audio_metadata — WARNING — convert_file:284 — album directory D:\MusicProcessing\tests\Music\Crush\Here does not contain a Folder.jpg file.

2025-09-24 14:18:47,218 — src.audio_info.audio_metadata — WARNING — convert_walk:406 — Pattern .m3u is not for a valid audio file

2025-09-24 14:19:42,329 — src.audio_info.audio_metadata — WARNING — convert_file:284 — album directory D:\MusicProcessing\tests\Music\Crush\Here does not contain a Folder.jpg file.

2025-09-24 14:19:56,439 — src.audio_info.audio_metadata — WARNING — convert_walk:406 — Pattern .m3u is not for a valid audio file

2025-09-24 14:39:13,108 — src.audio_info.audio_metadata — WARNING — convert_file:284 — album directory D:\MusicProcessing\tests\Music\Crush\Here does not contain a Folder.jpg file.

2025-09-24 14:39:27,097 — src.audio_info.audio_metadata — WARNING — convert_walk:406 — Pattern .m3u is not for a valid audio file

2025-09-24 14:44:23,486 — src.audio_info.audio_metadata — WARNING — convert_file:284 — album directory D:\MusicProcessing\tests\Music\Crush\Here does not contain a Folder.jpg file.

2025-09-24 14:44:37,871 — src.audio_info.audio_metadata — WARNING — convert_walk:406 — Pattern .m3u is not for a valid audio file

2025-09-24 14:50:34,139 — src.audio_info.audio_metadata — WARNING — convert_file:284 — album directory D:\MusicProcessing\tests\Music\Crush\Here does not contain a Folder.jpg file.

2025-09-24 14:50:48,508 — src.audio_info.audio_metadata — WARNING — convert_walk:406 — Pattern .m3u is not for a valid audio file

2025-09-24 14:51:49,501 — src.audio_info.audio_metadata — WARNING — convert_file:284 — album directory D:\MusicProcessing\tests\Music\Crush\Here does not contain a Folder.jpg file.

2025-09-24 14:52:03,866 — src.audio_info.audio_metadata — WARNING — convert_walk:406 — Pattern .m3u is not for a valid audio file

2025-09-24 15:01:38,052 — src.audio_info.audio_metadata — WARNING — convert_file:284 — album directory D:\MusicProcessing\tests\Music\Crush\Here does not contain a Folder.jpg file.

2025-09-24 15:01:52,437 — src.audio_info.audio_metadata — WARNING — convert_walk:406 — Pattern .m3u is not for a valid audio file

2025-09-24 15:27:06,803 — src.audio_info.audio_metadata — WARNING — convert_file:284 — album directory D:\MusicProcessing\tests\Music\Crush\Here does not contain a Folder.jpg file.

2025-09-24 15:27:20,884 — src.audio_info.audio_metadata — WARNING — convert_walk:406 — Pattern .m3u is not for a valid audio file

2025-09-24 16:27:56,059 — src.audio_info.audio_metadata — WARNING — convert_file:284 — album directory D:\MusicProcessing\tests\Music\Crush\Here does not contain a Folder.jpg file.

2025-09-24 16:28:09,964 — src.audio_info.audio_metadata — WARNING — convert_walk:406 — Pattern .m3u is not for a valid audio file

2025-09-24 16:29:36,093 — src.audio_info.audio_metadata — WARNING — convert_file:284 — album directory D:\MusicProcessing\tests\Music\Crush\Here does not contain a Folder.jpg file.

2025-09-24 16:29:50,157 — src.audio_info.audio_metadata — WARNING — convert_walk:406 — Pattern .m3u is not for a valid audio file

2025-09-24 16:30:35,453 — src.audio_info.audio_metadata — WARNING — convert_file:284 — album directory D:\MusicProcessing\tests\Music\Crush\Here does not contain a Folder.jpg file.

2025-09-24 16:30:49,384 — src.audio_info.audio_metadata — WARNING — convert_walk:406 — Pattern .m3u is not for a valid audio file

2025-09-24 16:37:16,749 — src.audio_info.audio_metadata — WARNING — convert_file:284 — album directory D:\MusicProcessing\tests\Music\Crush\Here does not contain a Folder.jpg file.

2025-09-24 16:37:30,905 — src.audio_info.audio_metadata — WARNING — convert_walk:406 — Pattern .m3u is not for a valid audio file

2025-09-24 16:42:20,752 — src.audio_info.audio_metadata — WARNING — convert_file:284 — album directory D:\MusicProcessing\tests\Music\Crush\Here does not contain a Folder.jpg file.

2025-09-24 16:42:34,417 — src.audio_info.audio_metadata — WARNING — convert_walk:406 — Pattern .m3u is not for a valid audio file

2025-09-26 11:18:08,203 — src.audio_normalize.audio_normalization — WARNING — rms_normalize_file:640 — rms normalizing by -2.0 minus -21.00 equaling 19.00 will result in clipping amount: 15.0 dB in D:\MusicProcessing\src\generated_files\Music\Abba\Waterloo\ABBA-Waterloo.mp3

2025-09-27 15:44:20,110 — src.audio_info.audio_metadata — WARNING — convert_file:284 — album directory d:\MusicProcessing\tests\Music\Crush\Here does not contain a Folder.jpg file.

2025-09-27 15:44:34,444 — src.audio_info.audio_metadata — WARNING — convert_walk:406 — Pattern .m3u is not for a valid audio file

2025-09-27 15:49:38,973 — src.audio_info.audio_art — WARNING — extract_album_art:186 — test.m3u is not an audio file

2025-09-27 15:49:39,054 — src.audio_info.audio_art — WARNING — extract_album_art:211 — No album art present in D:\MusicProcessing\tests\Music\Crush\Here\No_tag_Crush-Live.mp3

2025-09-27 15:49:39,769 — src.audio_info.audio_art — WARNING — extract_walk:371 — Pattern .m3u is not for a valid audio file

2025-09-27 15:49:39,854 — src.audio_info.audio_art — WARNING — set_album_art:499 — No album art set for D:\MusicProcessing\tests\Music\38 Special\Teachers

2025-09-27 15:49:39,855 — src.audio_info.audio_art — WARNING — set_album_art:499 — No album art set for D:\MusicProcessing\tests\Music\Aerosmith\Devil's Got a New Disguise-The Very Best of Aerosmith

2025-09-27 15:49:39,888 — src.audio_info.audio_art — WARNING — set_album_art:499 — No album art set for D:\MusicProcessing\tests\Music\Bear McCreary\Battlestar Galactica

2025-09-27 15:49:39,889 — src.audio_info.audio_art — WARNING — set_album_art:499 — No album art set for D:\MusicProcessing\tests\Music\Billie Holiday\Georgia On My Mind

2025-09-27 15:49:39,890 — src.audio_info.audio_art — WARNING — set_album_art:499 — No album art set for D:\MusicProcessing\tests\Music\Crush\Here

2025-09-27 15:49:39,890 — src.audio_info.audio_art — WARNING — set_album_art:499 — No album art set for D:\MusicProcessing\tests\Music\Daughtry\Leave This Town

2025-09-27 15:49:39,891 — src.audio_info.audio_art — WARNING — set_album_art:499 — No album art set for D:\MusicProcessing\tests\Music\Elton John\Goodbye Yellow Brick Road

2025-09-27 15:49:39,891 — src.audio_info.audio_art — WARNING — set_album_art:499 — No album art set for D:\MusicProcessing\tests\Music\Joshua Davis\The Voice Peformance

2025-09-27 15:49:39,891 — src.audio_info.audio_art — WARNING — set_album_art:499 — No album art set for D:\MusicProcessing\tests\Music\Sawyer Fredericks\A Good Storm

2025-09-27 15:49:39,891 — src.audio_info.audio_art — WARNING — set_album_art:499 — No album art set for D:\MusicProcessing\tests\Music\The Lord of the Rings\The Return of the King

2025-09-27 15:49:39,891 — src.audio_info.audio_art — WARNING — set_album_art:499 — No album art set for D:\MusicProcessing\tests\Music\The Lord of the Rings\The Two Towers

2025-09-27 15:49:39,891 — src.audio_info.audio_art — WARNING — set_album_art:499 — No album art set for D:\MusicProcessing\tests\Music\X Ambassadors\VHS

2025-09-27 15:52:02,725 — src.audio_info.audio_art — WARNING — extract_album_art:186 — test.m3u is not an audio file

2025-09-27 15:52:02,725 — src.audio_info.audio_art — WARNING — extract_album_art:186 — test.m3u is not an audio file

2025-09-27 15:52:02,804 — src.audio_info.audio_art — WARNING — extract_album_art:211 — No album art present in d:\MusicProcessing\tests\Music\Crush\Here\No_tag_Crush-Live.mp3

2025-09-27 15:52:02,808 — src.audio_info.audio_art — WARNING — extract_album_art:211 — No album art present in d:\MusicProcessing\tests\Music\Crush\Here\No_tag_Crush-Live.mp3

2025-09-27 15:52:03,118 — src.audio_info.audio_art — WARNING — extract_album_art:211 — No album art present in d:\MusicProcessing\tests\PreppedMusic\Abba\ABBA-Waterloo.mp3

2025-09-27 15:52:03,122 — src.audio_info.audio_art — WARNING — extract_album_art:211 — No album art present in d:\MusicProcessing\tests\PreppedMusic\Abba\ABBA-Waterloo.mp3

2025-09-27 15:52:03,222 — src.audio_info.audio_art — WARNING — extract_album_art:211 — No album art present in d:\MusicProcessing\tests\PreppedMusic\Creedence Clearwater Revival\Creedence Clearwater Revival-Fortunate Son.wma

2025-09-27 15:52:03,237 — src.audio_info.audio_art — WARNING — extract_album_art:211 — No album art present in d:\MusicProcessing\tests\PreppedMusic\Creedence Clearwater Revival\Creedence Clearwater Revival-Fortunate Son.wma

2025-09-27 15:52:03,871 — src.audio_info.audio_art — WARNING — extract_album_art:211 — No album art present in d:\MusicProcessing\tests\PreppedMusic\Abba\ABBA-Waterloo.mp3

2025-09-27 15:52:03,994 — src.audio_info.audio_art — WARNING — extract_album_art:211 — No album art present in d:\MusicProcessing\tests\PreppedMusic\Abba\ABBA-Waterloo.mp3

2025-09-27 15:52:04,046 — src.audio_info.audio_art — WARNING — extract_walk:371 — Pattern .m3u is not for a valid audio file

2025-09-27 15:52:04,109 — src.audio_info.audio_art — WARNING — extract_walk:371 — Pattern .m3u is not for a valid audio file

2025-09-27 15:52:04,122 — src.audio_info.audio_art — WARNING — set_album_art:499 — No album art set for d:\MusicProcessing\tests\Music\38 Special\Teachers

2025-09-27 15:52:04,126 — src.audio_info.audio_art — WARNING — set_album_art:499 — No album art set for d:\MusicProcessing\tests\Music\Aerosmith\Devil's Got a New Disguise-The Very Best of Aerosmith

2025-09-27 15:52:04,201 — src.audio_info.audio_art — WARNING — set_album_art:499 — No album art set for d:\MusicProcessing\tests\Music\38 Special\Teachers

2025-09-27 15:52:04,201 — src.audio_info.audio_art — WARNING — set_album_art:499 — No album art set for d:\MusicProcessing\tests\Music\Aerosmith\Devil's Got a New Disguise-The Very Best of Aerosmith

2025-09-27 15:52:04,236 — src.audio_info.audio_art — WARNING — set_album_art:499 — No album art set for d:\MusicProcessing\tests\Music\Bear McCreary\Battlestar Galactica

2025-09-27 15:52:04,236 — src.audio_info.audio_art — WARNING — set_album_art:499 — No album art set for d:\MusicProcessing\tests\Music\Billie Holiday\Georgia On My Mind

2025-09-27 15:52:04,237 — src.audio_info.audio_art — WARNING — set_album_art:499 — No album art set for d:\MusicProcessing\tests\Music\Crush\Here

2025-09-27 15:52:04,238 — src.audio_info.audio_art — WARNING — set_album_art:499 — No album art set for d:\MusicProcessing\tests\Music\Daughtry\Leave This Town

2025-09-27 15:52:04,238 — src.audio_info.audio_art — WARNING — set_album_art:499 — No album art set for d:\MusicProcessing\tests\Music\Elton John\Goodbye Yellow Brick Road

2025-09-27 15:52:04,239 — src.audio_info.audio_art — WARNING — set_album_art:499 — No album art set for d:\MusicProcessing\tests\Music\Joshua Davis\The Voice Peformance

2025-09-27 15:52:04,240 — src.audio_info.audio_art — WARNING — set_album_art:499 — No album art set for d:\MusicProcessing\tests\Music\Sawyer Fredericks\A Good Storm

2025-09-27 15:52:04,241 — src.audio_info.audio_art — WARNING — set_album_art:499 — No album art set for d:\MusicProcessing\tests\Music\The Lord of the Rings\The Return of the King

2025-09-27 15:52:04,241 — src.audio_info.audio_art — WARNING — set_album_art:499 — No album art set for d:\MusicProcessing\tests\Music\The Lord of the Rings\The Two Towers

2025-09-27 15:52:04,242 — src.audio_info.audio_art — WARNING — set_album_art:499 — No album art set for d:\MusicProcessing\tests\Music\X Ambassadors\VHS

2025-09-27 15:52:11,986 — src.audio_info.audio_metadata — WARNING — convert_file:284 — album directory d:\MusicProcessing\tests\Music\Crush\Here does not contain a Folder.jpg file.

2025-09-27 15:52:13,485 — src.audio_info.audio_metadata — WARNING — convert_file:284 — album directory d:\MusicProcessing\tests\Music\Crush\Here does not contain a Folder.jpg file.

2025-09-27 15:52:27,441 — src.audio_info.audio_metadata — WARNING — convert_walk:406 — Pattern .m3u is not for a valid audio file

2025-09-27 15:52:29,059 — src.audio_info.audio_metadata — WARNING — convert_walk:406 — Pattern .m3u is not for a valid audio file

2025-09-27 15:54:02,613 — src.audio_info.audio_art — WARNING — extract_album_art:186 — test.m3u is not an audio file

2025-09-27 15:54:02,684 — src.audio_info.audio_art — WARNING — extract_album_art:211 — No album art present in d:\MusicProcessing\tests\Music\Crush\Here\No_tag_Crush-Live.mp3

2025-09-27 15:54:02,861 — src.audio_info.audio_art — WARNING — extract_album_art:186 — test.m3u is not an audio file

2025-09-27 15:54:02,949 — src.audio_info.audio_art — WARNING — extract_album_art:211 — No album art present in d:\MusicProcessing\tests\Music\Crush\Here\No_tag_Crush-Live.mp3

2025-09-27 15:54:03,117 — src.audio_info.audio_art — WARNING — extract_album_art:211 — No album art present in d:\MusicProcessing\tests\PreppedMusic\Abba\ABBA-Waterloo.mp3

2025-09-27 15:54:03,166 — src.audio_info.audio_art — WARNING — extract_album_art:211 — No album art present in d:\MusicProcessing\tests\PreppedMusic\Creedence Clearwater Revival\Creedence Clearwater Revival-Fortunate Son.wma

2025-09-27 15:54:03,369 — src.audio_info.audio_art — WARNING — extract_album_art:211 — No album art present in d:\MusicProcessing\tests\PreppedMusic\Abba\ABBA-Waterloo.mp3

2025-09-27 15:54:03,426 — src.audio_info.audio_art — WARNING — extract_album_art:211 — No album art present in d:\MusicProcessing\tests\PreppedMusic\Creedence Clearwater Revival\Creedence Clearwater Revival-Fortunate Son.wma

2025-09-27 15:54:03,788 — src.audio_info.audio_art — WARNING — extract_album_art:211 — No album art present in d:\MusicProcessing\tests\PreppedMusic\Abba\ABBA-Waterloo.mp3

2025-09-27 15:54:03,929 — src.audio_info.audio_art — WARNING — extract_album_art:211 — No album art present in d:\MusicProcessing\tests\PreppedMusic\Abba\ABBA-Waterloo.mp3

2025-09-27 15:54:03,965 — src.audio_info.audio_art — WARNING — extract_walk:371 — Pattern .m3u is not for a valid audio file

2025-09-27 15:54:04,042 — src.audio_info.audio_art — WARNING — extract_walk:371 — Pattern .m3u is not for a valid audio file

2025-09-27 15:54:04,042 — src.audio_info.audio_art — WARNING — set_album_art:499 — No album art set for d:\MusicProcessing\tests\Music\38 Special\Teachers

2025-09-27 15:54:04,042 — src.audio_info.audio_art — WARNING — set_album_art:499 — No album art set for d:\MusicProcessing\tests\Music\Aerosmith\Devil's Got a New Disguise-The Very Best of Aerosmith

2025-09-27 15:54:04,052 — src.audio_info.audio_art — WARNING — set_album_art:499 — No album art set for d:\MusicProcessing\tests\Music\Bear McCreary\Battlestar Galactica

2025-09-27 15:54:04,052 — src.audio_info.audio_art — WARNING — set_album_art:499 — No album art set for d:\MusicProcessing\tests\Music\Billie Holiday\Georgia On My Mind

2025-09-27 15:54:04,054 — src.audio_info.audio_art — WARNING — set_album_art:499 — No album art set for d:\MusicProcessing\tests\Music\Crush\Here

2025-09-27 15:54:04,054 — src.audio_info.audio_art — WARNING — set_album_art:499 — No album art set for d:\MusicProcessing\tests\Music\Daughtry\Leave This Town

2025-09-27 15:54:04,055 — src.audio_info.audio_art — WARNING — set_album_art:499 — No album art set for d:\MusicProcessing\tests\Music\Elton John\Goodbye Yellow Brick Road

2025-09-27 15:54:04,056 — src.audio_info.audio_art — WARNING — set_album_art:499 — No album art set for d:\MusicProcessing\tests\Music\Joshua Davis\The Voice Peformance

2025-09-27 15:54:04,057 — src.audio_info.audio_art — WARNING — set_album_art:499 — No album art set for d:\MusicProcessing\tests\Music\Sawyer Fredericks\A Good Storm

2025-09-27 15:54:04,057 — src.audio_info.audio_art — WARNING — set_album_art:499 — No album art set for d:\MusicProcessing\tests\Music\The Lord of the Rings\The Return of the King

2025-09-27 15:54:04,057 — src.audio_info.audio_art — WARNING — set_album_art:499 — No album art set for d:\MusicProcessing\tests\Music\The Lord of the Rings\The Two Towers

2025-09-27 15:54:04,057 — src.audio_info.audio_art — WARNING — set_album_art:499 — No album art set for d:\MusicProcessing\tests\Music\X Ambassadors\VHS

2025-09-27 15:54:04,147 — src.audio_info.audio_art — WARNING — set_album_art:499 — No album art set for d:\MusicProcessing\tests\Music\38 Special\Teachers

2025-09-27 15:54:04,149 — src.audio_info.audio_art — WARNING — set_album_art:499 — No album art set for d:\MusicProcessing\tests\Music\Aerosmith\Devil's Got a New Disguise-The Very Best of Aerosmith

2025-09-27 15:54:04,153 — src.audio_info.audio_art — WARNING — set_album_art:499 — No album art set for d:\MusicProcessing\tests\Music\Bear McCreary\Battlestar Galactica

2025-09-27 15:54:04,154 — src.audio_info.audio_art — WARNING — set_album_art:499 — No album art set for d:\MusicProcessing\tests\Music\Billie Holiday\Georgia On My Mind

2025-09-27 15:54:04,155 — src.audio_info.audio_art — WARNING — set_album_art:499 — No album art set for d:\MusicProcessing\tests\Music\Crush\Here

2025-09-27 15:54:04,156 — src.audio_info.audio_art — WARNING — set_album_art:499 — No album art set for d:\MusicProcessing\tests\Music\Daughtry\Leave This Town

2025-09-27 15:54:04,156 — src.audio_info.audio_art — WARNING — set_album_art:499 — No album art set for d:\MusicProcessing\tests\Music\Elton John\Goodbye Yellow Brick Road

2025-09-27 15:54:04,157 — src.audio_info.audio_art — WARNING — set_album_art:499 — No album art set for d:\MusicProcessing\tests\Music\Joshua Davis\The Voice Peformance

2025-09-27 15:54:04,158 — src.audio_info.audio_art — WARNING — set_album_art:499 — No album art set for d:\MusicProcessing\tests\Music\Sawyer Fredericks\A Good Storm

2025-09-27 15:54:04,159 — src.audio_info.audio_art — WARNING — set_album_art:499 — No album art set for d:\MusicProcessing\tests\Music\The Lord of the Rings\The Return of the King

2025-09-27 15:54:04,159 — src.audio_info.audio_art — WARNING — set_album_art:499 — No album art set for d:\MusicProcessing\tests\Music\The Lord of the Rings\The Two Towers

2025-09-27 15:54:04,160 — src.audio_info.audio_art — WARNING — set_album_art:499 — No album art set for d:\MusicProcessing\tests\Music\X Ambassadors\VHS

2025-09-27 15:54:11,948 — src.audio_info.audio_metadata — WARNING — convert_file:284 — album directory d:\MusicProcessing\tests\Music\Crush\Here does not contain a Folder.jpg file.

2025-09-27 15:54:13,359 — src.audio_info.audio_metadata — WARNING — convert_file:284 — album directory d:\MusicProcessing\tests\Music\Crush\Here does not contain a Folder.jpg file.

2025-09-27 15:54:26,920 — src.audio_info.audio_metadata — WARNING — convert_walk:406 — Pattern .m3u is not for a valid audio file

2025-09-27 15:54:28,124 — src.audio_info.audio_metadata — WARNING — convert_walk:406 — Pattern .m3u is not for a valid audio file

2025-09-27 15:55:17,404 — src.audio_info.audio_art — WARNING — extract_album_art:186 — test.m3u is not an audio file

2025-09-27 15:55:17,455 — src.audio_info.audio_art — WARNING — extract_album_art:211 — No album art present in d:\MusicProcessing\tests\Music\Crush\Here\No_tag_Crush-Live.mp3

2025-09-27 15:55:17,975 — src.audio_info.audio_art — WARNING — extract_walk:371 — Pattern .m3u is not for a valid audio file

2025-09-27 15:55:18,057 — src.audio_info.audio_art — WARNING — set_album_art:499 — No album art set for d:\MusicProcessing\tests\Music\38 Special\Teachers

2025-09-27 15:55:18,057 — src.audio_info.audio_art — WARNING — set_album_art:499 — No album art set for d:\MusicProcessing\tests\Music\Aerosmith\Devil's Got a New Disguise-The Very Best of Aerosmith

2025-09-27 15:55:18,072 — src.audio_info.audio_art — WARNING — set_album_art:499 — No album art set for d:\MusicProcessing\tests\Music\Bear McCreary\Battlestar Galactica

2025-09-27 15:55:18,072 — src.audio_info.audio_art — WARNING — set_album_art:499 — No album art set for d:\MusicProcessing\tests\Music\Billie Holiday\Georgia On My Mind

2025-09-27 15:55:18,074 — src.audio_info.audio_art — WARNING — set_album_art:499 — No album art set for d:\MusicProcessing\tests\Music\Crush\Here

2025-09-27 15:55:18,074 — src.audio_info.audio_art — WARNING — set_album_art:499 — No album art set for d:\MusicProcessing\tests\Music\Daughtry\Leave This Town

2025-09-27 15:55:18,075 — src.audio_info.audio_art — WARNING — set_album_art:499 — No album art set for d:\MusicProcessing\tests\Music\Elton John\Goodbye Yellow Brick Road

2025-09-27 15:55:18,075 — src.audio_info.audio_art — WARNING — set_album_art:499 — No album art set for d:\MusicProcessing\tests\Music\Joshua Davis\The Voice Peformance

2025-09-27 15:55:18,076 — src.audio_info.audio_art — WARNING — set_album_art:499 — No album art set for d:\MusicProcessing\tests\Music\Sawyer Fredericks\A Good Storm

2025-09-27 15:55:18,077 — src.audio_info.audio_art — WARNING — set_album_art:499 — No album art set for d:\MusicProcessing\tests\Music\The Lord of the Rings\The Return of the King

2025-09-27 15:55:18,078 — src.audio_info.audio_art — WARNING — set_album_art:499 — No album art set for d:\MusicProcessing\tests\Music\The Lord of the Rings\The Two Towers

2025-09-27 15:55:18,079 — src.audio_info.audio_art — WARNING — set_album_art:499 — No album art set for d:\MusicProcessing\tests\Music\X Ambassadors\VHS

2025-09-27 15:55:26,762 — src.audio_info.audio_metadata — WARNING — convert_file:284 — album directory d:\MusicProcessing\tests\Music\Crush\Here does not contain a Folder.jpg file.

2025-09-27 15:55:41,265 — src.audio_info.audio_metadata — WARNING — convert_walk:406 — Pattern .m3u is not for a valid audio file

2025-09-27 15:55:53,882 — src.audio_info.audio_metadata — WARNING — convert_file:284 — album directory d:\MusicProcessing\tests\Music\Crush\Here does not contain a Folder.jpg file.

2025-09-27 15:56:06,735 — src.audio_info.audio_metadata — WARNING — convert_walk:406 — Pattern .m3u is not for a valid audio file

2025-09-27 15:58:06,660 — src.audio_info.audio_art — WARNING — extract_album_art:186 — test.m3u is not an audio file

2025-09-27 15:58:06,717 — src.audio_info.audio_art — WARNING — extract_album_art:211 — No album art present in d:\MusicProcessing\tests\Music\Crush\Here\No_tag_Crush-Live.mp3

2025-09-27 15:58:07,290 — src.audio_info.audio_art — WARNING — extract_walk:371 — Pattern .m3u is not for a valid audio file

2025-09-27 15:58:07,357 — src.audio_info.audio_art — WARNING — set_album_art:499 — No album art set for d:\MusicProcessing\tests\Music\38 Special\Teachers

2025-09-27 15:58:07,357 — src.audio_info.audio_art — WARNING — set_album_art:499 — No album art set for d:\MusicProcessing\tests\Music\Aerosmith\Devil's Got a New Disguise-The Very Best of Aerosmith

2025-09-27 15:58:07,357 — src.audio_info.audio_art — WARNING — set_album_art:499 — No album art set for d:\MusicProcessing\tests\Music\Bear McCreary\Battlestar Galactica

2025-09-27 15:58:07,357 — src.audio_info.audio_art — WARNING — set_album_art:499 — No album art set for d:\MusicProcessing\tests\Music\Billie Holiday\Georgia On My Mind

2025-09-27 15:58:07,357 — src.audio_info.audio_art — WARNING — set_album_art:499 — No album art set for d:\MusicProcessing\tests\Music\Crush\Here

2025-09-27 15:58:07,357 — src.audio_info.audio_art — WARNING — set_album_art:499 — No album art set for d:\MusicProcessing\tests\Music\Daughtry\Leave This Town

2025-09-27 15:58:07,357 — src.audio_info.audio_art — WARNING — set_album_art:499 — No album art set for d:\MusicProcessing\tests\Music\Elton John\Goodbye Yellow Brick Road

2025-09-27 15:58:07,357 — src.audio_info.audio_art — WARNING — set_album_art:499 — No album art set for d:\MusicProcessing\tests\Music\Joshua Davis\The Voice Peformance

2025-09-27 15:58:07,372 — src.audio_info.audio_art — WARNING — set_album_art:499 — No album art set for d:\MusicProcessing\tests\Music\Sawyer Fredericks\A Good Storm

2025-09-27 15:58:07,372 — src.audio_info.audio_art — WARNING — set_album_art:499 — No album art set for d:\MusicProcessing\tests\Music\The Lord of the Rings\The Return of the King

2025-09-27 15:58:07,372 — src.audio_info.audio_art — WARNING — set_album_art:499 — No album art set for d:\MusicProcessing\tests\Music\The Lord of the Rings\The Two Towers

2025-09-27 15:58:07,372 — src.audio_info.audio_art — WARNING — set_album_art:499 — No album art set for d:\MusicProcessing\tests\Music\X Ambassadors\VHS

2025-09-27 15:58:24,739 — src.audio_info.audio_metadata — WARNING — convert_file:284 — album directory d:\MusicProcessing\tests\Music\Crush\Here does not contain a Folder.jpg file.

2025-09-27 15:58:38,820 — src.audio_info.audio_metadata — WARNING — convert_walk:406 — Pattern .m3u is not for a valid audio file

2025-09-27 16:16:15,681 — src.audio_info.audio_metadata — WARNING — convert_file:284 — album directory D:\MusicProcessing\tests\Music\Crush\Here does not contain a Folder.jpg file.

2025-09-27 16:16:29,941 — src.audio_info.audio_metadata — WARNING — convert_walk:406 — Pattern .m3u is not for a valid audio file

2025-09-27 16:33:14,686 — src.audio_info.audio_metadata — WARNING — convert_file:284 — album directory D:\MusicProcessing\tests\Music\Crush\Here does not contain a Folder.jpg file.

2025-09-27 16:33:28,710 — src.audio_info.audio_metadata — WARNING — convert_walk:406 — Pattern .m3u is not for a valid audio file

2025-10-04 16:54:18,719 — src.audio_info.audio_metadata — WARNING — convert_file:284 — album directory D:\MusicProcessing\tests\Music\Crush\Here does not contain a Folder.jpg file.

2025-10-04 16:56:34,784 — src.audio_info.audio_metadata — WARNING — convert_file:284 — album directory D:\MusicProcessing\tests\Music\Crush\Here does not contain a Folder.jpg file.

2025-10-04 16:57:32,666 — src.audio_info.audio_metadata — WARNING — convert_file:284 — album directory D:\MusicProcessing\tests\Music\Crush\Here does not contain a Folder.jpg file.

2025-10-04 16:57:46,559 — src.audio_info.audio_metadata — WARNING — convert_walk:406 — Pattern .m3u is not for a valid audio file

2025-10-04 17:00:53,406 — src.audio_info.audio_metadata — WARNING — convert_file:284 — album directory D:\MusicProcessing\tests\Music\Crush\Here does not contain a Folder.jpg file.

2025-10-04 17:01:07,306 — src.audio_info.audio_metadata — WARNING — convert_walk:406 — Pattern .m3u is not for a valid audio file

2025-10-04 17:01:15,912 — src.audio_info.audio_metadata — WARNING — create_album_dir:522 — D:\MusicProcessing\tests\PreppedMusic\NoMetadata\No_tag_Crush-Live.mp3 is missing album metadata
